Component: Arm Compiler for Embedded 6.18 Tool: armlink [5e4cc100]

==============================================================================

Section Cross References

    adc.o(.text.ADC0_Init) refers to adc.o(.text.ADC0_Calibrate) for ADC0_Calibrate
    adc.o(.text.ADC0_Init) refers to adc.o(.text.__NVIC_ClearPendingIRQ) for __NVIC_ClearPendingIRQ
    adc.o(.text.ADC0_Init) refers to adc.o(.text.__NVIC_EnableIRQ) for __NVIC_EnableIRQ
    adc.o(.ARM.exidx.text.ADC0_Init) refers to adc.o(.text.ADC0_Init) for [Anonymous Symbol]
    adc.o(.ARM.exidx.text.ADC0_Calibrate) refers to adc.o(.text.ADC0_Calibrate) for [Anonymous Symbol]
    adc.o(.ARM.exidx.text.__NVIC_ClearPendingIRQ) refers to adc.o(.text.__NVIC_ClearPendingIRQ) for [Anonymous Symbol]
    adc.o(.ARM.exidx.text.__NVIC_EnableIRQ) refers to adc.o(.text.__NVIC_EnableIRQ) for [Anonymous Symbol]
    adc.o(.ARM.exidx.text.ADC0_Read) refers to adc.o(.text.ADC0_Read) for [Anonymous Symbol]
    adc.o(.text.switch_channel) refers to adc.o(.bss.switch_channel_flag) for [Anonymous Symbol]
    adc.o(.ARM.exidx.text.switch_channel) refers to adc.o(.text.switch_channel) for [Anonymous Symbol]
    adc.o(.text.channel_handler) refers to adc.o(.text.transmit_flame) for transmit_flame
    adc.o(.text.channel_handler) refers to adc.o(.text.transmit_sound) for transmit_sound
    adc.o(.text.channel_handler) refers to adc.o(.bss.switch_channel_flag) for [Anonymous Symbol]
    adc.o(.ARM.exidx.text.channel_handler) refers to adc.o(.text.channel_handler) for [Anonymous Symbol]
    adc.o(.text.transmit_flame) refers to aeabi_sdiv.o(.text) for __aeabi_uidiv
    adc.o(.text.transmit_flame) refers to uart.o(.text.UART0_Transmit) for UART0_Transmit
    adc.o(.text.transmit_flame) refers to adc.o(.data.switch_rgb_sensor) for switch_rgb_sensor
    adc.o(.ARM.exidx.text.transmit_flame) refers to adc.o(.text.transmit_flame) for [Anonymous Symbol]
    adc.o(.text.transmit_sound) refers to dflti.o(.text) for __aeabi_ui2d
    adc.o(.text.transmit_sound) refers to log10.o(i.log10) for log10
    adc.o(.text.transmit_sound) refers to dmul.o(.text) for __aeabi_dmul
    adc.o(.text.transmit_sound) refers to dcmp.o(i._dgeq) for __aeabi_dcmpge
    adc.o(.text.transmit_sound) refers to dcmp.o(i._dls) for __aeabi_dcmplt
    adc.o(.text.transmit_sound) refers to dcmp.o(i._dgr) for __aeabi_dcmpgt
    adc.o(.text.transmit_sound) refers to dfixi.o(.text) for __aeabi_d2iz
    adc.o(.text.transmit_sound) refers to aeabi_sdiv.o(.text) for __aeabi_uidivmod
    adc.o(.text.transmit_sound) refers to ddiv.o(.text) for __aeabi_ddiv
    adc.o(.text.transmit_sound) refers to uart.o(.text.UART0_Transmit) for UART0_Transmit
    adc.o(.text.transmit_sound) refers to adc.o(.data.switch_rgb_sensor) for switch_rgb_sensor
    adc.o(.ARM.exidx.text.transmit_sound) refers to adc.o(.text.transmit_sound) for [Anonymous Symbol]
    adc.o(.text.ADC0_IRQHandler) refers to adc.o(.text.channel_handler) for channel_handler
    adc.o(.text.ADC0_IRQHandler) refers to adc.o(.text.switch_channel) for switch_channel
    adc.o(.ARM.exidx.text.ADC0_IRQHandler) refers to adc.o(.text.ADC0_IRQHandler) for [Anonymous Symbol]
    uart.o(.ARM.exidx.text.UART0_Transmit) refers to uart.o(.text.UART0_Transmit) for [Anonymous Symbol]
    uart.o(.ARM.exidx.text.UART0_receive) refers to uart.o(.text.UART0_receive) for [Anonymous Symbol]
    uart.o(.text.initUART0) refers to aeabi_sdiv.o(.text) for __aeabi_uidiv
    uart.o(.text.initUART0) refers to uart.o(.text.__NVIC_EnableIRQ) for __NVIC_EnableIRQ
    uart.o(.ARM.exidx.text.initUART0) refers to uart.o(.text.initUART0) for [Anonymous Symbol]
    uart.o(.ARM.exidx.text.__NVIC_EnableIRQ) refers to uart.o(.text.__NVIC_EnableIRQ) for [Anonymous Symbol]
    uart.o(.text.UART0_IRQHandler) refers to uart.o(.bss.read_c) for read_c
    uart.o(.text.UART0_IRQHandler) refers to adc.o(.data.switch_rgb_sensor) for switch_rgb_sensor
    uart.o(.ARM.exidx.text.UART0_IRQHandler) refers to uart.o(.text.UART0_IRQHandler) for [Anonymous Symbol]
    main.o(.text.main) refers to uart.o(.text.initUART0) for initUART0
    main.o(.text.main) refers to adc.o(.text.ADC0_Init) for ADC0_Init
    main.o(.text.main) refers to gpio.o(.text.RGBLed_Init) for RGBLed_Init
    main.o(.ARM.exidx.text.main) refers to main.o(.text.main) for [Anonymous Symbol]
    gpio.o(.ARM.exidx.text.RGBLed_Init) refers to gpio.o(.text.RGBLed_Init) for [Anonymous Symbol]
    startup_mkl25z4.o(STACK) refers (Special) to heapauxi.o(.text) for __use_two_region_memory
    startup_mkl25z4.o(HEAP) refers (Special) to heapauxi.o(.text) for __use_two_region_memory
    startup_mkl25z4.o(RESET) refers (Special) to heapauxi.o(.text) for __use_two_region_memory
    startup_mkl25z4.o(RESET) refers to startup_mkl25z4.o(STACK) for __initial_sp
    startup_mkl25z4.o(RESET) refers to startup_mkl25z4.o(.text) for Reset_Handler
    startup_mkl25z4.o(RESET) refers to uart.o(.text.UART0_IRQHandler) for UART0_IRQHandler
    startup_mkl25z4.o(RESET) refers to adc.o(.text.ADC0_IRQHandler) for ADC0_IRQHandler
    startup_mkl25z4.o(.ARM.__at_0x400) refers (Special) to heapauxi.o(.text) for __use_two_region_memory
    startup_mkl25z4.o(.text) refers (Special) to heapauxi.o(.text) for __use_two_region_memory
    startup_mkl25z4.o(.text) refers to system_mkl25z4.o(.text.SystemInit) for SystemInit
    startup_mkl25z4.o(.text) refers to __main.o(!!!main) for __main
    startup_mkl25z4.o(.text) refers to startup_mkl25z4.o(HEAP) for Heap_Mem
    startup_mkl25z4.o(.text) refers to startup_mkl25z4.o(STACK) for Stack_Mem
    system_mkl25z4.o(.ARM.exidx.text.SystemInit) refers to system_mkl25z4.o(.text.SystemInit) for [Anonymous Symbol]
    system_mkl25z4.o(.text.SystemCoreClockUpdate) refers to aeabi_sdiv.o(.text) for __aeabi_uidiv
    system_mkl25z4.o(.text.SystemCoreClockUpdate) refers to system_mkl25z4.o(.data.SystemCoreClock) for SystemCoreClock
    system_mkl25z4.o(.ARM.exidx.text.SystemCoreClockUpdate) refers to system_mkl25z4.o(.text.SystemCoreClockUpdate) for [Anonymous Symbol]
    __main.o(!!!main) refers to __rtentry.o(.ARM.Collect$$rtentry$$00000000) for __rt_entry
    dcmp.o(i._deq) refers (Special) to usenofp.o(x$fpl$usenofp) for __I$use$fp
    dcmp.o(i._deq) refers to deqf.o(x$fpl$deqf) for _dcmpeq
    dcmp.o(i._dgeq) refers (Special) to usenofp.o(x$fpl$usenofp) for __I$use$fp
    dcmp.o(i._dgeq) refers to dgef.o(x$fpl$dgeqf) for _dcmpge
    dcmp.o(i._dgr) refers (Special) to usenofp.o(x$fpl$usenofp) for __I$use$fp
    dcmp.o(i._dgr) refers to dgef.o(x$fpl$dgeqf) for _dcmpge
    dcmp.o(i._dleq) refers (Special) to usenofp.o(x$fpl$usenofp) for __I$use$fp
    dcmp.o(i._dleq) refers to dlef.o(x$fpl$dleqf) for _dcmple
    dcmp.o(i._dls) refers (Special) to usenofp.o(x$fpl$usenofp) for __I$use$fp
    dcmp.o(i._dls) refers to dlef.o(x$fpl$dleqf) for _dcmple
    dcmp.o(i._dneq) refers (Special) to usenofp.o(x$fpl$usenofp) for __I$use$fp
    dcmp.o(i._dneq) refers to deqf.o(x$fpl$deqf) for _dcmpeq
    ddiv.o(.text) refers (Special) to usenofp.o(x$fpl$usenofp) for __I$use$fp
    ddiv.o(.text) refers to ddiv.o(.constdata) for .constdata
    ddiv.o(.constdata) refers (Special) to usenofp.o(x$fpl$usenofp) for __I$use$fp
    dfixi.o(.text) refers (Special) to usenofp.o(x$fpl$usenofp) for __I$use$fp
    dflti.o(.text) refers (Special) to usenofp.o(x$fpl$usenofp) for __I$use$fp
    dmul.o(.text) refers (Special) to usenofp.o(x$fpl$usenofp) for __I$use$fp
    log10.o(i.__softfp_log10) refers (Special) to usenofp.o(x$fpl$usenofp) for __I$use$fp
    log10.o(i.__softfp_log10) refers to log10.o(i.log10) for log10
    log10.o(i.log10) refers (Special) to usenofp.o(x$fpl$usenofp) for __I$use$fp
    log10.o(i.log10) refers to dunder.o(i.__mathlib_dbl_infnan) for __mathlib_dbl_infnan
    log10.o(i.log10) refers to _rserrno.o(.text) for __set_errno
    log10.o(i.log10) refers to dunder.o(i.__mathlib_dbl_invalid) for __mathlib_dbl_invalid
    log10.o(i.log10) refers to dunder.o(i.__mathlib_dbl_divzero) for __mathlib_dbl_divzero
    log10.o(i.log10) refers to dscalbn.o(.text) for __ARM_scalbn
    log10.o(i.log10) refers to dflti.o(.text) for __aeabi_i2d
    log10.o(i.log10) refers to log.o(i.log) for log
    log10.o(i.log10) refers to dmul.o(.text) for __aeabi_dmul
    log10.o(i.log10) refers to daddsub.o(.text) for __aeabi_dadd
    __rtentry.o(.ARM.Collect$$rtentry$$00000000) refers (Special) to __rtentry2.o(.ARM.Collect$$rtentry$$0000000A) for __rt_entry_li
    __rtentry.o(.ARM.Collect$$rtentry$$00000000) refers (Special) to __rtentry2.o(.ARM.Collect$$rtentry$$0000000D) for __rt_entry_main
    __rtentry.o(.ARM.Collect$$rtentry$$00000000) refers (Special) to __rtentry2.o(.ARM.Collect$$rtentry$$0000000C) for __rt_entry_postli_1
    __rtentry.o(.ARM.Collect$$rtentry$$00000000) refers (Special) to __rtentry2.o(.ARM.Collect$$rtentry$$00000009) for __rt_entry_postsh_1
    __rtentry.o(.ARM.Collect$$rtentry$$00000000) refers (Special) to __rtentry2.o(.ARM.Collect$$rtentry$$00000002) for __rt_entry_presh_1
    __rtentry.o(.ARM.Collect$$rtentry$$00000000) refers (Special) to __rtentry4.o(.ARM.Collect$$rtentry$$00000004) for __rt_entry_sh
    aeabi_idiv0_sigfpe.o(.text) refers to rt_div0.o(.text) for __rt_div0
    _rserrno.o(.text) refers to rt_errno_addr_intlibspace.o(.text) for __aeabi_errno_addr
    daddsub.o(.text) refers (Special) to usenofp.o(x$fpl$usenofp) for __I$use$fp
    deqf.o(x$fpl$deqf) refers (Special) to usenofp.o(x$fpl$usenofp) for __I$use$fp
    deqf.o(x$fpl$deqf) refers to dcmpin.o(.text) for __fpl_dcmp_InfNaN
    dgef.o(x$fpl$dgeqf) refers (Special) to usenofp.o(x$fpl$usenofp) for __I$use$fp
    dgef.o(x$fpl$dgeqf) refers to dcmpin.o(.text) for __fpl_dcmp_InfNaN
    dlef.o(x$fpl$dleqf) refers (Special) to usenofp.o(x$fpl$usenofp) for __I$use$fp
    dlef.o(x$fpl$dleqf) refers to dcmpin.o(.text) for __fpl_dcmp_InfNaN
    dscalbn.o(.text) refers (Special) to usenofp.o(x$fpl$usenofp) for __I$use$fp
    dunder.o(i.__mathlib_dbl_divzero) refers to ddiv.o(.text) for __aeabi_ddiv
    dunder.o(i.__mathlib_dbl_infnan) refers to dscalbn.o(.text) for __ARM_scalbn
    dunder.o(i.__mathlib_dbl_infnan2) refers to daddsub.o(.text) for __aeabi_dadd
    dunder.o(i.__mathlib_dbl_invalid) refers to ddiv.o(.text) for __aeabi_ddiv
    dunder.o(i.__mathlib_dbl_overflow) refers to dscalbn.o(.text) for __ARM_scalbn
    dunder.o(i.__mathlib_dbl_posinfnan) refers to dmul.o(.text) for __aeabi_dmul
    dunder.o(i.__mathlib_dbl_underflow) refers to dscalbn.o(.text) for __ARM_scalbn
    log.o(i.__softfp_log) refers (Special) to usenofp.o(x$fpl$usenofp) for __I$use$fp
    log.o(i.__softfp_log) refers to log.o(i.log) for log
    log.o(i.log) refers (Special) to usenofp.o(x$fpl$usenofp) for __I$use$fp
    log.o(i.log) refers to dunder.o(i.__mathlib_dbl_infnan) for __mathlib_dbl_infnan
    log.o(i.log) refers to _rserrno.o(.text) for __set_errno
    log.o(i.log) refers to dunder.o(i.__mathlib_dbl_invalid) for __mathlib_dbl_invalid
    log.o(i.log) refers to dunder.o(i.__mathlib_dbl_divzero) for __mathlib_dbl_divzero
    log.o(i.log) refers to dscalbn.o(.text) for __ARM_scalbn
    log.o(i.log) refers to daddsub.o(.text) for __aeabi_dsub
    log.o(i.log) refers to deqf.o(x$fpl$deqf) for __aeabi_cdcmpeq
    log.o(i.log) refers to dflti.o(.text) for __aeabi_i2d
    log.o(i.log) refers to dmul.o(.text) for __aeabi_dmul
    log.o(i.log) refers to ddiv.o(.text) for __aeabi_ddiv
    log.o(i.log) refers to poly.o(i.__kernel_poly) for __kernel_poly
    log.o(i.log) refers to qnan.o(.constdata) for __mathlib_zero
    log.o(i.log) refers to log.o(.constdata) for .constdata
    log.o(.constdata) refers (Special) to usenofp.o(x$fpl$usenofp) for __I$use$fp
    __rtentry2.o(.ARM.Collect$$rtentry$$00000008) refers to boardinit2.o(.text) for _platform_post_stackheap_init
    __rtentry2.o(.ARM.Collect$$rtentry$$0000000A) refers to libinit.o(.ARM.Collect$$libinit$$00000000) for __rt_lib_init
    __rtentry2.o(.ARM.Collect$$rtentry$$0000000B) refers to boardinit3.o(.text) for _platform_post_lib_init
    __rtentry2.o(.ARM.Collect$$rtentry$$0000000D) refers to main.o(.text.main) for main
    __rtentry2.o(.ARM.Collect$$rtentry$$0000000D) refers to exit.o(.text) for exit
    __rtentry2.o(.ARM.exidx) refers to __rtentry2.o(.ARM.Collect$$rtentry$$00000001) for .ARM.Collect$$rtentry$$00000001
    __rtentry2.o(.ARM.exidx) refers to __rtentry2.o(.ARM.Collect$$rtentry$$00000008) for .ARM.Collect$$rtentry$$00000008
    __rtentry2.o(.ARM.exidx) refers to __rtentry2.o(.ARM.Collect$$rtentry$$0000000A) for .ARM.Collect$$rtentry$$0000000A
    __rtentry2.o(.ARM.exidx) refers to __rtentry2.o(.ARM.Collect$$rtentry$$0000000B) for .ARM.Collect$$rtentry$$0000000B
    __rtentry2.o(.ARM.exidx) refers to __rtentry2.o(.ARM.Collect$$rtentry$$0000000D) for .ARM.Collect$$rtentry$$0000000D
    __rtentry4.o(.ARM.Collect$$rtentry$$00000004) refers to sys_stackheap_outer.o(.text) for __user_setup_stackheap
    __rtentry4.o(.ARM.exidx) refers to __rtentry4.o(.ARM.Collect$$rtentry$$00000004) for .ARM.Collect$$rtentry$$00000004
    rt_div0.o(.text) refers to defsig_fpe_outer.o(.text) for __rt_SIGFPE
    rt_errno_addr.o(.text) refers to rt_errno_addr.o(.bss) for __aeabi_errno_addr_data
    rt_errno_addr_intlibspace.o(.text) refers to libspace.o(.bss) for __libspace_start
    dcmpin.o(.text) refers (Special) to usenofp.o(x$fpl$usenofp) for __I$use$fp
    dcmpin.o(.text) refers to cmpret.o(.text) for __fpl_cmpreturn
    dcmpin.o(.text) refers to dnan2.o(.text) for __fpl_dcheck_NaN2
    poly.o(i.__kernel_poly) refers (Special) to usenofp.o(x$fpl$usenofp) for __I$use$fp
    poly.o(i.__kernel_poly) refers to dmul.o(.text) for __aeabi_dmul
    poly.o(i.__kernel_poly) refers to daddsub.o(.text) for __aeabi_dadd
    qnan.o(.constdata) refers (Special) to usenofp.o(x$fpl$usenofp) for __I$use$fp
    libspace.o(.text) refers to libspace.o(.bss) for __libspace_start
    sys_stackheap_outer.o(.text) refers to libspace.o(.text) for __user_perproc_libspace
    sys_stackheap_outer.o(.text) refers to startup_mkl25z4.o(.text) for __user_initial_stackheap
    sys_stackheap_outer.o(__vectab_stack_and_reset_area) refers to tempstk.o(.text) for __temporary_stack_top
    sys_stackheap_outer.o(__vectab_stack_and_reset_area) refers to __main.o(!!!main) for __main
    exit.o(.text) refers to rtexit.o(.ARM.Collect$$rtexit$$00000000) for __rt_exit
    defsig_fpe_outer.o(.text) refers to defsig_fpe_inner.o(.text) for __rt_SIGFPE_inner
    defsig_fpe_outer.o(.text) refers to defsig_exit.o(.text) for __sig_exit
    defsig_fpe_formal.o(.text) refers to rt_raise.o(.text) for __rt_raise
    libinit.o(.ARM.Collect$$libinit$$00000000) refers (Special) to libinit2.o(.ARM.Collect$$libinit$$00000030) for __rt_lib_init_alloca_1
    libinit.o(.ARM.Collect$$libinit$$00000000) refers (Special) to libinit2.o(.ARM.Collect$$libinit$$0000002E) for __rt_lib_init_argv_1
    libinit.o(.ARM.Collect$$libinit$$00000000) refers (Special) to libinit2.o(.ARM.Collect$$libinit$$0000001D) for __rt_lib_init_atexit_1
    libinit.o(.ARM.Collect$$libinit$$00000000) refers (Special) to libinit2.o(.ARM.Collect$$libinit$$00000023) for __rt_lib_init_clock_1
    libinit.o(.ARM.Collect$$libinit$$00000000) refers (Special) to libinit2.o(.ARM.Collect$$libinit$$00000034) for __rt_lib_init_cpp_1
    libinit.o(.ARM.Collect$$libinit$$00000000) refers (Special) to libinit2.o(.ARM.Collect$$libinit$$00000032) for __rt_lib_init_exceptions_1
    libinit.o(.ARM.Collect$$libinit$$00000000) refers (Special) to libinit2.o(.ARM.Collect$$libinit$$00000002) for __rt_lib_init_fp_1
    libinit.o(.ARM.Collect$$libinit$$00000000) refers (Special) to libinit2.o(.ARM.Collect$$libinit$$00000021) for __rt_lib_init_fp_trap_1
    libinit.o(.ARM.Collect$$libinit$$00000000) refers (Special) to libinit2.o(.ARM.Collect$$libinit$$00000025) for __rt_lib_init_getenv_1
    libinit.o(.ARM.Collect$$libinit$$00000000) refers (Special) to libinit2.o(.ARM.Collect$$libinit$$0000000C) for __rt_lib_init_heap_1
    libinit.o(.ARM.Collect$$libinit$$00000000) refers (Special) to libinit2.o(.ARM.Collect$$libinit$$00000013) for __rt_lib_init_lc_collate_1
    libinit.o(.ARM.Collect$$libinit$$00000000) refers (Special) to libinit2.o(.ARM.Collect$$libinit$$00000015) for __rt_lib_init_lc_ctype_1
    libinit.o(.ARM.Collect$$libinit$$00000000) refers (Special) to libinit2.o(.ARM.Collect$$libinit$$00000017) for __rt_lib_init_lc_monetary_1
    libinit.o(.ARM.Collect$$libinit$$00000000) refers (Special) to libinit2.o(.ARM.Collect$$libinit$$00000019) for __rt_lib_init_lc_numeric_1
    libinit.o(.ARM.Collect$$libinit$$00000000) refers (Special) to libinit2.o(.ARM.Collect$$libinit$$0000001B) for __rt_lib_init_lc_time_1
    libinit.o(.ARM.Collect$$libinit$$00000000) refers (Special) to libinit2.o(.ARM.Collect$$libinit$$00000006) for __rt_lib_init_preinit_1
    libinit.o(.ARM.Collect$$libinit$$00000000) refers (Special) to libinit2.o(.ARM.Collect$$libinit$$00000010) for __rt_lib_init_rand_1
    libinit.o(.ARM.Collect$$libinit$$00000000) refers (Special) to libinit2.o(.ARM.Collect$$libinit$$00000004) for __rt_lib_init_relocate_pie_1
    libinit.o(.ARM.Collect$$libinit$$00000000) refers (Special) to libinit2.o(.ARM.Collect$$libinit$$00000035) for __rt_lib_init_return
    libinit.o(.ARM.Collect$$libinit$$00000000) refers (Special) to libinit2.o(.ARM.Collect$$libinit$$0000001F) for __rt_lib_init_signal_1
    libinit.o(.ARM.Collect$$libinit$$00000000) refers (Special) to libinit2.o(.ARM.Collect$$libinit$$00000027) for __rt_lib_init_stdio_1
    libinit.o(.ARM.Collect$$libinit$$00000000) refers (Special) to libinit2.o(.ARM.Collect$$libinit$$0000000E) for __rt_lib_init_user_alloc_1
    cmpret.o(.text) refers (Special) to usenofp.o(x$fpl$usenofp) for __I$use$fp
    dnan2.o(.text) refers (Special) to usenofp.o(x$fpl$usenofp) for __I$use$fp
    dnan2.o(.text) refers to retnan.o(.text) for __fpl_return_NaN
    rtexit.o(.ARM.Collect$$rtexit$$00000000) refers (Special) to rtexit2.o(.ARM.Collect$$rtexit$$00000004) for __rt_exit_exit
    rtexit.o(.ARM.Collect$$rtexit$$00000000) refers (Special) to rtexit2.o(.ARM.Collect$$rtexit$$00000003) for __rt_exit_ls
    rtexit.o(.ARM.Collect$$rtexit$$00000000) refers (Special) to rtexit2.o(.ARM.Collect$$rtexit$$00000002) for __rt_exit_prels_1
    rtexit.o(.ARM.exidx) refers (Special) to rtexit2.o(.ARM.Collect$$rtexit$$00000004) for __rt_exit_exit
    rtexit.o(.ARM.exidx) refers (Special) to rtexit2.o(.ARM.Collect$$rtexit$$00000003) for __rt_exit_ls
    rtexit.o(.ARM.exidx) refers (Special) to rtexit2.o(.ARM.Collect$$rtexit$$00000002) for __rt_exit_prels_1
    rtexit.o(.ARM.exidx) refers to rtexit.o(.ARM.Collect$$rtexit$$00000000) for .ARM.Collect$$rtexit$$00000000
    rt_raise.o(.text) refers to __raise.o(.text) for __raise
    rt_raise.o(.text) refers to sys_exit.o(.text) for _sys_exit
    defsig_exit.o(.text) refers to sys_exit.o(.text) for _sys_exit
    defsig_fpe_inner.o(.text) refers to defsig_general.o(.text) for __default_signal_display
    libinit2.o(.ARM.Collect$$libinit$$00000012) refers to libinit2.o(.ARM.Collect$$libinit$$00000011) for .ARM.Collect$$libinit$$00000011
    libinit2.o(.ARM.Collect$$libinit$$00000014) refers to libinit2.o(.ARM.Collect$$libinit$$00000011) for .ARM.Collect$$libinit$$00000011
    libinit2.o(.ARM.Collect$$libinit$$00000016) refers to libinit2.o(.ARM.Collect$$libinit$$00000011) for .ARM.Collect$$libinit$$00000011
    libinit2.o(.ARM.Collect$$libinit$$00000018) refers to libinit2.o(.ARM.Collect$$libinit$$00000011) for .ARM.Collect$$libinit$$00000011
    libinit2.o(.ARM.Collect$$libinit$$0000001A) refers to libinit2.o(.ARM.Collect$$libinit$$00000011) for .ARM.Collect$$libinit$$00000011
    libinit2.o(.ARM.Collect$$libinit$$00000028) refers to argv_veneer.o(.text) for __ARM_argv_veneer
    libinit2.o(.ARM.Collect$$libinit$$00000029) refers to argv_veneer.o(.text) for __ARM_argv_veneer
    retnan.o(.text) refers (Special) to usenofp.o(x$fpl$usenofp) for __I$use$fp
    retnan.o(.text) refers to cmpret.o(.text) for __fpl_cmpreturn
    sys_exit.o(.text) refers (Special) to use_no_semi.o(.text) for __I$use$semihosting
    sys_exit.o(.text) refers (Special) to indicate_semi.o(.text) for __semihosting_library_function
    sys_exit_hlt.o(.text) refers (Special) to use_no_semi.o(.text) for __I$use$semihosting
    sys_exit_hlt.o(.text) refers (Special) to indicate_semi.o(.text) for __semihosting_library_function
    rtexit2.o(.ARM.Collect$$rtexit$$00000003) refers to libshutdown.o(.ARM.Collect$$libshutdown$$00000000) for __rt_lib_shutdown
    rtexit2.o(.ARM.Collect$$rtexit$$00000004) refers to sys_exit.o(.text) for _sys_exit
    rtexit2.o(.ARM.exidx) refers to rtexit2.o(.ARM.Collect$$rtexit$$00000001) for .ARM.Collect$$rtexit$$00000001
    rtexit2.o(.ARM.exidx) refers to rtexit2.o(.ARM.Collect$$rtexit$$00000003) for .ARM.Collect$$rtexit$$00000003
    rtexit2.o(.ARM.exidx) refers to rtexit2.o(.ARM.Collect$$rtexit$$00000004) for .ARM.Collect$$rtexit$$00000004
    __raise.o(.text) refers to defsig.o(CL$$defsig) for __default_signal_handler
    defsig_general.o(.text) refers to sys_wrch.o(.text) for _ttywrch
    sys_wrch.o(.text) refers (Special) to use_no_semi.o(.text) for __I$use$semihosting
    sys_wrch.o(.text) refers (Special) to indicate_semi.o(.text) for __semihosting_library_function
    sys_wrch_hlt.o(.text) refers (Special) to use_no_semi.o(.text) for __I$use$semihosting
    sys_wrch_hlt.o(.text) refers (Special) to indicate_semi.o(.text) for __semihosting_library_function
    defsig.o(CL$$defsig) refers to defsig_fpe_inner.o(.text) for __rt_SIGFPE_inner
    defsig.o(CL$$defsig) refers to defsig_rtmem_inner.o(.text) for __rt_SIGRTMEM_inner
    _get_argv_nomalloc.o(.text) refers (Special) to hrguard.o(.text) for __heap_region$guard
    _get_argv_nomalloc.o(.text) refers to defsig_rtmem_outer.o(.text) for __rt_SIGRTMEM
    _get_argv_nomalloc.o(.text) refers to sys_command.o(.text) for _sys_command_string
    libshutdown.o(.ARM.Collect$$libshutdown$$00000000) refers (Special) to libshutdown2.o(.ARM.Collect$$libshutdown$$00000002) for __rt_lib_shutdown_cpp_1
    libshutdown.o(.ARM.Collect$$libshutdown$$00000000) refers (Special) to libshutdown2.o(.ARM.Collect$$libshutdown$$00000007) for __rt_lib_shutdown_fp_trap_1
    libshutdown.o(.ARM.Collect$$libshutdown$$00000000) refers (Special) to libshutdown2.o(.ARM.Collect$$libshutdown$$0000000F) for __rt_lib_shutdown_heap_1
    libshutdown.o(.ARM.Collect$$libshutdown$$00000000) refers (Special) to libshutdown2.o(.ARM.Collect$$libshutdown$$00000010) for __rt_lib_shutdown_return
    libshutdown.o(.ARM.Collect$$libshutdown$$00000000) refers (Special) to libshutdown2.o(.ARM.Collect$$libshutdown$$0000000A) for __rt_lib_shutdown_signal_1
    libshutdown.o(.ARM.Collect$$libshutdown$$00000000) refers (Special) to libshutdown2.o(.ARM.Collect$$libshutdown$$00000004) for __rt_lib_shutdown_stdio_1
    libshutdown.o(.ARM.Collect$$libshutdown$$00000000) refers (Special) to libshutdown2.o(.ARM.Collect$$libshutdown$$0000000C) for __rt_lib_shutdown_user_alloc_1
    sys_command.o(.text) refers (Special) to use_no_semi.o(.text) for __I$use$semihosting
    sys_command.o(.text) refers (Special) to indicate_semi.o(.text) for __semihosting_library_function
    sys_command_hlt.o(.text) refers (Special) to use_no_semi.o(.text) for __I$use$semihosting
    sys_command_hlt.o(.text) refers (Special) to indicate_semi.o(.text) for __semihosting_library_function
    defsig_abrt_inner.o(.text) refers to defsig_general.o(.text) for __default_signal_display
    defsig_rtred_inner.o(.text) refers to defsig_general.o(.text) for __default_signal_display
    defsig_rtmem_inner.o(.text) refers to defsig_general.o(.text) for __default_signal_display
    defsig_rtmem_outer.o(.text) refers to defsig_rtmem_inner.o(.text) for __rt_SIGRTMEM_inner
    defsig_rtmem_outer.o(.text) refers to defsig_exit.o(.text) for __sig_exit
    defsig_rtmem_formal.o(.text) refers to rt_raise.o(.text) for __rt_raise
    defsig_stak_inner.o(.text) refers to defsig_general.o(.text) for __default_signal_display
    defsig_pvfn_inner.o(.text) refers to defsig_general.o(.text) for __default_signal_display
    defsig_cppl_inner.o(.text) refers to defsig_general.o(.text) for __default_signal_display
    defsig_segv_inner.o(.text) refers to defsig_general.o(.text) for __default_signal_display
    defsig_other.o(.text) refers to defsig_general.o(.text) for __default_signal_display


==============================================================================

Removing Unused input sections from the image.

    Removing adc.o(.text), (0 bytes).
    Removing adc.o(.ARM.exidx.text.ADC0_Init), (8 bytes).
    Removing adc.o(.ARM.exidx.text.ADC0_Calibrate), (8 bytes).
    Removing adc.o(.ARM.exidx.text.__NVIC_ClearPendingIRQ), (8 bytes).
    Removing adc.o(.ARM.exidx.text.__NVIC_EnableIRQ), (8 bytes).
    Removing adc.o(.text.ADC0_Read), (52 bytes).
    Removing adc.o(.ARM.exidx.text.ADC0_Read), (8 bytes).
    Removing adc.o(.ARM.exidx.text.switch_channel), (8 bytes).
    Removing adc.o(.ARM.exidx.text.channel_handler), (8 bytes).
    Removing adc.o(.ARM.exidx.text.transmit_flame), (8 bytes).
    Removing adc.o(.ARM.exidx.text.transmit_sound), (8 bytes).
    Removing adc.o(.ARM.exidx.text.ADC0_IRQHandler), (8 bytes).
    Removing adc.o(.bss.state), (1 bytes).
    Removing adc.o(.bss.receive), (1 bytes).
    Removing uart.o(.text), (0 bytes).
    Removing uart.o(.ARM.exidx.text.UART0_Transmit), (8 bytes).
    Removing uart.o(.text.UART0_receive), (32 bytes).
    Removing uart.o(.ARM.exidx.text.UART0_receive), (8 bytes).
    Removing uart.o(.ARM.exidx.text.initUART0), (8 bytes).
    Removing uart.o(.ARM.exidx.text.__NVIC_EnableIRQ), (8 bytes).
    Removing uart.o(.ARM.exidx.text.UART0_IRQHandler), (8 bytes).
    Removing main.o(.text), (0 bytes).
    Removing main.o(.ARM.exidx.text.main), (8 bytes).
    Removing main.o(.ARM.use_no_argv), (4 bytes).
    Removing gpio.o(.text), (0 bytes).
    Removing gpio.o(.ARM.exidx.text.RGBLed_Init), (8 bytes).
    Removing system_mkl25z4.o(.text), (0 bytes).
    Removing system_mkl25z4.o(.ARM.exidx.text.SystemInit), (8 bytes).
    Removing system_mkl25z4.o(.text.SystemCoreClockUpdate), (556 bytes).
    Removing system_mkl25z4.o(.ARM.exidx.text.SystemCoreClockUpdate), (8 bytes).
    Removing system_mkl25z4.o(.data.SystemCoreClock), (4 bytes).

31 unused section(s) (total 802 bytes) removed from the image.

==============================================================================

Image Symbol Table

    Local Symbols

    Symbol Name                              Value     Ov Type        Size  Object(Section)

    ../clib/angel/boardlib.s                 0x00000000   Number         0  boardinit1.o ABSOLUTE
    ../clib/angel/boardlib.s                 0x00000000   Number         0  boardinit2.o ABSOLUTE
    ../clib/angel/boardlib.s                 0x00000000   Number         0  boardinit3.o ABSOLUTE
    ../clib/angel/boardlib.s                 0x00000000   Number         0  boardshut.o ABSOLUTE
    ../clib/angel/handlers.s                 0x00000000   Number         0  __scatter_copy.o ABSOLUTE
    ../clib/angel/handlers.s                 0x00000000   Number         0  __scatter_zi.o ABSOLUTE
    ../clib/angel/kernel.s                   0x00000000   Number         0  __rtentry.o ABSOLUTE
    ../clib/angel/kernel.s                   0x00000000   Number         0  __rtentry2.o ABSOLUTE
    ../clib/angel/kernel.s                   0x00000000   Number         0  __rtentry4.o ABSOLUTE
    ../clib/angel/kernel.s                   0x00000000   Number         0  rtexit.o ABSOLUTE
    ../clib/angel/kernel.s                   0x00000000   Number         0  rtexit2.o ABSOLUTE
    ../clib/angel/rt.s                       0x00000000   Number         0  aeabi_idiv0.o ABSOLUTE
    ../clib/angel/rt.s                       0x00000000   Number         0  aeabi_idiv0_sigfpe.o ABSOLUTE
    ../clib/angel/rt.s                       0x00000000   Number         0  rt_div0.o ABSOLUTE
    ../clib/angel/rt.s                       0x00000000   Number         0  rt_errno_addr.o ABSOLUTE
    ../clib/angel/rt.s                       0x00000000   Number         0  rt_errno_addr_intlibspace.o ABSOLUTE
    ../clib/angel/rt.s                       0x00000000   Number         0  rt_raise.o ABSOLUTE
    ../clib/angel/scatterp.s                 0x00000000   Number         0  __scatter.o ABSOLUTE
    ../clib/angel/startup.s                  0x00000000   Number         0  __main.o ABSOLUTE
    ../clib/angel/sys.s                      0x00000000   Number         0  libspace.o ABSOLUTE
    ../clib/angel/sys.s                      0x00000000   Number         0  sys_stackheap_outer.o ABSOLUTE
    ../clib/angel/sys.s                      0x00000000   Number         0  tempstk.o ABSOLUTE
    ../clib/angel/sys.s                      0x00000000   Number         0  use_no_semi.o ABSOLUTE
    ../clib/angel/sys.s                      0x00000000   Number         0  indicate_semi.o ABSOLUTE
    ../clib/angel/sysapp.c                   0x00000000   Number         0  sys_exit.o ABSOLUTE
    ../clib/angel/sysapp.c                   0x00000000   Number         0  sys_exit_hlt.o ABSOLUTE
    ../clib/angel/sysapp.c                   0x00000000   Number         0  sys_wrch.o ABSOLUTE
    ../clib/angel/sysapp.c                   0x00000000   Number         0  sys_wrch_hlt.o ABSOLUTE
    ../clib/angel/sysapp.c                   0x00000000   Number         0  sys_command.o ABSOLUTE
    ../clib/angel/sysapp.c                   0x00000000   Number         0  sys_command_hlt.o ABSOLUTE
    ../clib/armsys.c                         0x00000000   Number         0  argv_veneer.o ABSOLUTE
    ../clib/armsys.c                         0x00000000   Number         0  _get_argv_nomalloc.o ABSOLUTE
    ../clib/armsys.c                         0x00000000   Number         0  no_argv.o ABSOLUTE
    ../clib/division.s                       0x00000000   Number         0  aeabi_sdiv.o ABSOLUTE
    ../clib/division.s                       0x00000000   Number         0  aeabi_sdiv_div0.o ABSOLUTE
    ../clib/fenv.c                           0x00000000   Number         0  _rserrno.o ABSOLUTE
    ../clib/heapalloc.c                      0x00000000   Number         0  hrguard.o ABSOLUTE
    ../clib/heapaux.c                        0x00000000   Number         0  heapauxi.o ABSOLUTE
    ../clib/libinit.s                        0x00000000   Number         0  libinit.o ABSOLUTE
    ../clib/libinit.s                        0x00000000   Number         0  libinit2.o ABSOLUTE
    ../clib/libinit.s                        0x00000000   Number         0  libshutdown.o ABSOLUTE
    ../clib/libinit.s                        0x00000000   Number         0  libshutdown2.o ABSOLUTE
    ../clib/signal.c                         0x00000000   Number         0  defsig_fpe_outer.o ABSOLUTE
    ../clib/signal.c                         0x00000000   Number         0  defsig_fpe_formal.o ABSOLUTE
    ../clib/signal.c                         0x00000000   Number         0  defsig_exit.o ABSOLUTE
    ../clib/signal.c                         0x00000000   Number         0  defsig_fpe_inner.o ABSOLUTE
    ../clib/signal.c                         0x00000000   Number         0  __raise.o ABSOLUTE
    ../clib/signal.c                         0x00000000   Number         0  defsig_general.o ABSOLUTE
    ../clib/signal.c                         0x00000000   Number         0  defsig_abrt_inner.o ABSOLUTE
    ../clib/signal.c                         0x00000000   Number         0  defsig_rtred_inner.o ABSOLUTE
    ../clib/signal.c                         0x00000000   Number         0  defsig_rtmem_inner.o ABSOLUTE
    ../clib/signal.c                         0x00000000   Number         0  defsig_rtmem_outer.o ABSOLUTE
    ../clib/signal.c                         0x00000000   Number         0  defsig_rtmem_formal.o ABSOLUTE
    ../clib/signal.c                         0x00000000   Number         0  defsig_stak_inner.o ABSOLUTE
    ../clib/signal.c                         0x00000000   Number         0  defsig_pvfn_inner.o ABSOLUTE
    ../clib/signal.c                         0x00000000   Number         0  defsig_cppl_inner.o ABSOLUTE
    ../clib/signal.c                         0x00000000   Number         0  defsig_segv_inner.o ABSOLUTE
    ../clib/signal.c                         0x00000000   Number         0  defsig_other.o ABSOLUTE
    ../clib/signal.s                         0x00000000   Number         0  defsig.o ABSOLUTE
    ../clib/stdlib.c                         0x00000000   Number         0  exit.o ABSOLUTE
    ../fplib/cfplib/cmp.c                    0x00000000   Number         0  dcmp.o ABSOLUTE
    ../fplib/cfplib/cmpret.c                 0x00000000   Number         0  cmpret.o ABSOLUTE
    ../fplib/cfplib/daddsub.c                0x00000000   Number         0  daddsub.o ABSOLUTE
    ../fplib/cfplib/dcmpin.c                 0x00000000   Number         0  dcmpin.o ABSOLUTE
    ../fplib/cfplib/ddiv.c                   0x00000000   Number         0  ddiv.o ABSOLUTE
    ../fplib/cfplib/dmul.c                   0x00000000   Number         0  dmul.o ABSOLUTE
    ../fplib/cfplib/ffix.c                   0x00000000   Number         0  dfixi.o ABSOLUTE
    ../fplib/cfplib/fflt.c                   0x00000000   Number         0  dflti.o ABSOLUTE
    ../fplib/cfplib/fpinit.c                 0x00000000   Number         0  fpinit.o ABSOLUTE
    ../fplib/cfplib/nan2.c                   0x00000000   Number         0  dnan2.o ABSOLUTE
    ../fplib/cfplib/retnan.c                 0x00000000   Number         0  retnan.o ABSOLUTE
    ../fplib/cfplib/scalbn.c                 0x00000000   Number         0  dscalbn.o ABSOLUTE
    ../fplib/deqf6m.s                        0x00000000   Number         0  deqf.o ABSOLUTE
    ../fplib/dgeqf6m.s                       0x00000000   Number         0  dgef.o ABSOLUTE
    ../fplib/dleqf6m.s                       0x00000000   Number         0  dlef.o ABSOLUTE
    ../fplib/usenofp.s                       0x00000000   Number         0  usenofp.o ABSOLUTE
    ../mathlib/dunder.c                      0x00000000   Number         0  dunder.o ABSOLUTE
    ../mathlib/log.c                         0x00000000   Number         0  log.o ABSOLUTE
    ../mathlib/log10.c                       0x00000000   Number         0  log10.o ABSOLUTE
    ../mathlib/poly.c                        0x00000000   Number         0  poly.o ABSOLUTE
    ../mathlib/qnan.c                        0x00000000   Number         0  qnan.o ABSOLUTE
    Adc.c                                    0x00000000   Number         0  adc.o ABSOLUTE
    RTE/Device/MKL25Z128xxx4/startup_MKL25Z4.s 0x00000000   Number         0  startup_mkl25z4.o ABSOLUTE
    dc.s                                     0x00000000   Number         0  dc.o ABSOLUTE
    gpio.c                                   0x00000000   Number         0  gpio.o ABSOLUTE
    main.c                                   0x00000000   Number         0  main.o ABSOLUTE
    system_MKL25Z4.c                         0x00000000   Number         0  system_mkl25z4.o ABSOLUTE
    uart.c                                   0x00000000   Number         0  uart.o ABSOLUTE
    RESET                                    0x00000000   Section      192  startup_mkl25z4.o(RESET)
    !!!main                                  0x000000c0   Section        8  __main.o(!!!main)
    !!!scatter                               0x000000c8   Section       60  __scatter.o(!!!scatter)
    !!handler_copy                           0x00000104   Section       26  __scatter_copy.o(!!handler_copy)
    !!handler_zi                             0x00000120   Section       28  __scatter_zi.o(!!handler_zi)
    .ARM.Collect$$libinit$$00000000          0x0000013c   Section        2  libinit.o(.ARM.Collect$$libinit$$00000000)
    .ARM.Collect$$libinit$$00000002          0x0000013e   Section        0  libinit2.o(.ARM.Collect$$libinit$$00000002)
    .ARM.Collect$$libinit$$00000004          0x0000013e   Section        0  libinit2.o(.ARM.Collect$$libinit$$00000004)
    .ARM.Collect$$libinit$$00000006          0x0000013e   Section        0  libinit2.o(.ARM.Collect$$libinit$$00000006)
    .ARM.Collect$$libinit$$0000000C          0x0000013e   Section        0  libinit2.o(.ARM.Collect$$libinit$$0000000C)
    .ARM.Collect$$libinit$$0000000E          0x0000013e   Section        0  libinit2.o(.ARM.Collect$$libinit$$0000000E)
    .ARM.Collect$$libinit$$00000010          0x0000013e   Section        0  libinit2.o(.ARM.Collect$$libinit$$00000010)
    .ARM.Collect$$libinit$$00000013          0x0000013e   Section        0  libinit2.o(.ARM.Collect$$libinit$$00000013)
    .ARM.Collect$$libinit$$00000015          0x0000013e   Section        0  libinit2.o(.ARM.Collect$$libinit$$00000015)
    .ARM.Collect$$libinit$$00000017          0x0000013e   Section        0  libinit2.o(.ARM.Collect$$libinit$$00000017)
    .ARM.Collect$$libinit$$00000019          0x0000013e   Section        0  libinit2.o(.ARM.Collect$$libinit$$00000019)
    .ARM.Collect$$libinit$$0000001B          0x0000013e   Section        0  libinit2.o(.ARM.Collect$$libinit$$0000001B)
    .ARM.Collect$$libinit$$0000001D          0x0000013e   Section        0  libinit2.o(.ARM.Collect$$libinit$$0000001D)
    .ARM.Collect$$libinit$$0000001F          0x0000013e   Section        0  libinit2.o(.ARM.Collect$$libinit$$0000001F)
    .ARM.Collect$$libinit$$00000021          0x0000013e   Section        0  libinit2.o(.ARM.Collect$$libinit$$00000021)
    .ARM.Collect$$libinit$$00000023          0x0000013e   Section        0  libinit2.o(.ARM.Collect$$libinit$$00000023)
    .ARM.Collect$$libinit$$00000025          0x0000013e   Section        0  libinit2.o(.ARM.Collect$$libinit$$00000025)
    .ARM.Collect$$libinit$$00000027          0x0000013e   Section        0  libinit2.o(.ARM.Collect$$libinit$$00000027)
    .ARM.Collect$$libinit$$0000002E          0x0000013e   Section        0  libinit2.o(.ARM.Collect$$libinit$$0000002E)
    .ARM.Collect$$libinit$$00000030          0x0000013e   Section        0  libinit2.o(.ARM.Collect$$libinit$$00000030)
    .ARM.Collect$$libinit$$00000032          0x0000013e   Section        0  libinit2.o(.ARM.Collect$$libinit$$00000032)
    .ARM.Collect$$libinit$$00000034          0x0000013e   Section        0  libinit2.o(.ARM.Collect$$libinit$$00000034)
    .ARM.Collect$$libinit$$00000035          0x0000013e   Section        2  libinit2.o(.ARM.Collect$$libinit$$00000035)
    .ARM.Collect$$libshutdown$$00000000      0x00000140   Section        2  libshutdown.o(.ARM.Collect$$libshutdown$$00000000)
    .ARM.Collect$$libshutdown$$00000002      0x00000142   Section        0  libshutdown2.o(.ARM.Collect$$libshutdown$$00000002)
    .ARM.Collect$$libshutdown$$00000004      0x00000142   Section        0  libshutdown2.o(.ARM.Collect$$libshutdown$$00000004)
    .ARM.Collect$$libshutdown$$00000007      0x00000142   Section        0  libshutdown2.o(.ARM.Collect$$libshutdown$$00000007)
    .ARM.Collect$$libshutdown$$0000000A      0x00000142   Section        0  libshutdown2.o(.ARM.Collect$$libshutdown$$0000000A)
    .ARM.Collect$$libshutdown$$0000000C      0x00000142   Section        0  libshutdown2.o(.ARM.Collect$$libshutdown$$0000000C)
    .ARM.Collect$$libshutdown$$0000000F      0x00000142   Section        0  libshutdown2.o(.ARM.Collect$$libshutdown$$0000000F)
    .ARM.Collect$$libshutdown$$00000010      0x00000142   Section        2  libshutdown2.o(.ARM.Collect$$libshutdown$$00000010)
    .ARM.Collect$$rtentry$$00000000          0x00000144   Section        0  __rtentry.o(.ARM.Collect$$rtentry$$00000000)
    .ARM.Collect$$rtentry$$00000002          0x00000144   Section        0  __rtentry2.o(.ARM.Collect$$rtentry$$00000002)
    .ARM.Collect$$rtentry$$00000004          0x00000144   Section        6  __rtentry4.o(.ARM.Collect$$rtentry$$00000004)
    .ARM.Collect$$rtentry$$00000009          0x0000014a   Section        0  __rtentry2.o(.ARM.Collect$$rtentry$$00000009)
    .ARM.Collect$$rtentry$$0000000A          0x0000014a   Section        4  __rtentry2.o(.ARM.Collect$$rtentry$$0000000A)
    .ARM.Collect$$rtentry$$0000000C          0x0000014e   Section        0  __rtentry2.o(.ARM.Collect$$rtentry$$0000000C)
    .ARM.Collect$$rtentry$$0000000D          0x0000014e   Section        8  __rtentry2.o(.ARM.Collect$$rtentry$$0000000D)
    .ARM.Collect$$rtexit$$00000000           0x00000156   Section        2  rtexit.o(.ARM.Collect$$rtexit$$00000000)
    .ARM.Collect$$rtexit$$00000002           0x00000158   Section        0  rtexit2.o(.ARM.Collect$$rtexit$$00000002)
    .ARM.Collect$$rtexit$$00000003           0x00000158   Section        4  rtexit2.o(.ARM.Collect$$rtexit$$00000003)
    .ARM.Collect$$rtexit$$00000004           0x0000015c   Section        6  rtexit2.o(.ARM.Collect$$rtexit$$00000004)
    .text                                    0x00000164   Section       64  startup_mkl25z4.o(.text)
    .text                                    0x000001a4   Section      364  aeabi_sdiv.o(.text)
    .text                                    0x00000310   Section        0  heapauxi.o(.text)
    .text                                    0x00000318   Section        0  dfixi.o(.text)
    .text                                    0x00000384   Section        0  dflti.o(.text)
    .text                                    0x000003dc   Section        0  _rserrno.o(.text)
    .text                                    0x000003f4   Section        8  rt_errno_addr_intlibspace.o(.text)
    .text                                    0x000003fc   Section        2  use_no_semi.o(.text)
    .text                                    0x000003fe   Section        0  indicate_semi.o(.text)
    x$fpl$usenofp                            0x000003fe   Section        0  usenofp.o(x$fpl$usenofp)
    .ARM.__at_0x400                          0x00000400   Section       16  startup_mkl25z4.o(.ARM.__at_0x400)
    .text                                    0x00000410   Section        0  ddiv.o(.text)
    .text                                    0x00000858   Section        0  dmul.o(.text)
    _dadd1                                   0x00000aa1   Thumb Code   290  daddsub.o(.text)
    .text                                    0x00000aa0   Section        0  daddsub.o(.text)
    _dsub1                                   0x00000bc3   Thumb Code   470  daddsub.o(.text)
    .text                                    0x00000df8   Section        0  dscalbn.o(.text)
    .text                                    0x00000e58   Section        0  dcmpin.o(.text)
    .text                                    0x00000ef8   Section        8  libspace.o(.text)
    .text                                    0x00000f00   Section       62  sys_stackheap_outer.o(.text)
    .text                                    0x00000f3e   Section        0  exit.o(.text)
    .text                                    0x00000f4e   Section        0  cmpret.o(.text)
    .text                                    0x00000f7c   Section        0  dnan2.o(.text)
    .text                                    0x00000f90   Section        0  retnan.o(.text)
    .text                                    0x00000ff0   Section        0  sys_exit.o(.text)
    [Anonymous Symbol]                       0x00000ffc   Section        0  adc.o(.text.ADC0_Calibrate)
    __arm_cp.1_1                             0x00001108   Number         4  adc.o(.text.ADC0_Calibrate)
    __arm_cp.1_4                             0x0000110c   Number         4  adc.o(.text.ADC0_Calibrate)
    __arm_cp.1_5                             0x00001110   Number         4  adc.o(.text.ADC0_Calibrate)
    __arm_cp.1_6                             0x00001114   Number         4  adc.o(.text.ADC0_Calibrate)
    __arm_cp.1_7                             0x00001118   Number         4  adc.o(.text.ADC0_Calibrate)
    __arm_cp.1_8                             0x0000111c   Number         4  adc.o(.text.ADC0_Calibrate)
    __arm_cp.1_9                             0x00001120   Number         4  adc.o(.text.ADC0_Calibrate)
    __arm_cp.1_10                            0x00001124   Number         4  adc.o(.text.ADC0_Calibrate)
    __arm_cp.1_11                            0x00001128   Number         4  adc.o(.text.ADC0_Calibrate)
    __arm_cp.1_12                            0x0000112c   Number         4  adc.o(.text.ADC0_Calibrate)
    __arm_cp.1_13                            0x00001130   Number         4  adc.o(.text.ADC0_Calibrate)
    __arm_cp.1_14                            0x00001134   Number         4  adc.o(.text.ADC0_Calibrate)
    __arm_cp.1_15                            0x00001138   Number         4  adc.o(.text.ADC0_Calibrate)
    __arm_cp.1_16                            0x0000113c   Number         4  adc.o(.text.ADC0_Calibrate)
    __arm_cp.1_17                            0x00001140   Number         4  adc.o(.text.ADC0_Calibrate)
    [Anonymous Symbol]                       0x00001144   Section        0  adc.o(.text.ADC0_IRQHandler)
    __arm_cp.9_0                             0x00001160   Number         4  adc.o(.text.ADC0_IRQHandler)
    [Anonymous Symbol]                       0x00001164   Section        0  adc.o(.text.ADC0_Init)
    __arm_cp.0_0                             0x000011b8   Number         4  adc.o(.text.ADC0_Init)
    __arm_cp.0_1                             0x000011bc   Number         4  adc.o(.text.ADC0_Init)
    __arm_cp.0_2                             0x000011c0   Number         4  adc.o(.text.ADC0_Init)
    __arm_cp.0_3                             0x000011c4   Number         4  adc.o(.text.ADC0_Init)
    [Anonymous Symbol]                       0x000011c8   Section        0  gpio.o(.text.RGBLed_Init)
    __arm_cp.0_1                             0x0000123c   Number         4  gpio.o(.text.RGBLed_Init)
    __arm_cp.0_3                             0x00001240   Number         4  gpio.o(.text.RGBLed_Init)
    __arm_cp.0_4                             0x00001244   Number         4  gpio.o(.text.RGBLed_Init)
    __arm_cp.0_5                             0x00001248   Number         4  gpio.o(.text.RGBLed_Init)
    __arm_cp.0_6                             0x0000124c   Number         4  gpio.o(.text.RGBLed_Init)
    __arm_cp.0_7                             0x00001250   Number         4  gpio.o(.text.RGBLed_Init)
    __arm_cp.0_8                             0x00001254   Number         4  gpio.o(.text.RGBLed_Init)
    __arm_cp.0_9                             0x00001258   Number         4  gpio.o(.text.RGBLed_Init)
    [Anonymous Symbol]                       0x0000125c   Section        0  system_mkl25z4.o(.text.SystemInit)
    __arm_cp.0_0                             0x00001264   Number         4  system_mkl25z4.o(.text.SystemInit)
    [Anonymous Symbol]                       0x00001268   Section        0  uart.o(.text.UART0_IRQHandler)
    __arm_cp.4_2                             0x0000129c   Number         4  uart.o(.text.UART0_IRQHandler)
    [Anonymous Symbol]                       0x000012a0   Section        0  uart.o(.text.UART0_Transmit)
    __arm_cp.0_0                             0x000012c0   Number         4  uart.o(.text.UART0_Transmit)
    __arm_cp.0_1                             0x000012c4   Number         4  uart.o(.text.UART0_Transmit)
    __NVIC_ClearPendingIRQ                   0x000012c9   Thumb Code    40  adc.o(.text.__NVIC_ClearPendingIRQ)
    [Anonymous Symbol]                       0x000012c8   Section        0  adc.o(.text.__NVIC_ClearPendingIRQ)
    __arm_cp.2_0                             0x000012f0   Number         4  adc.o(.text.__NVIC_ClearPendingIRQ)
    __NVIC_EnableIRQ                         0x000012f5   Thumb Code    40  adc.o(.text.__NVIC_EnableIRQ)
    [Anonymous Symbol]                       0x000012f4   Section        0  adc.o(.text.__NVIC_EnableIRQ)
    __NVIC_EnableIRQ                         0x0000131d   Thumb Code    40  uart.o(.text.__NVIC_EnableIRQ)
    [Anonymous Symbol]                       0x0000131c   Section        0  uart.o(.text.__NVIC_EnableIRQ)
    __arm_cp.3_0                             0x00001344   Number         4  uart.o(.text.__NVIC_EnableIRQ)
    [Anonymous Symbol]                       0x00001348   Section        0  adc.o(.text.channel_handler)
    [Anonymous Symbol]                       0x00001374   Section        0  uart.o(.text.initUART0)
    __arm_cp.2_0                             0x00001428   Number         4  uart.o(.text.initUART0)
    __arm_cp.2_1                             0x0000142c   Number         4  uart.o(.text.initUART0)
    __arm_cp.2_2                             0x00001430   Number         4  uart.o(.text.initUART0)
    __arm_cp.2_3                             0x00001434   Number         4  uart.o(.text.initUART0)
    __arm_cp.2_4                             0x00001438   Number         4  uart.o(.text.initUART0)
    __arm_cp.2_5                             0x0000143c   Number         4  uart.o(.text.initUART0)
    __arm_cp.2_6                             0x00001440   Number         4  uart.o(.text.initUART0)
    __arm_cp.2_7                             0x00001444   Number         4  uart.o(.text.initUART0)
    __arm_cp.2_8                             0x00001448   Number         4  uart.o(.text.initUART0)
    __arm_cp.2_9                             0x0000144c   Number         4  uart.o(.text.initUART0)
    __arm_cp.2_10                            0x00001450   Number         4  uart.o(.text.initUART0)
    __arm_cp.2_11                            0x00001454   Number         4  uart.o(.text.initUART0)
    [Anonymous Symbol]                       0x00001458   Section        0  main.o(.text.main)
    [Anonymous Symbol]                       0x00001474   Section        0  adc.o(.text.switch_channel)
    __arm_cp.5_0                             0x000014dc   Number         4  adc.o(.text.switch_channel)
    __arm_cp.5_1                             0x000014e0   Number         4  adc.o(.text.switch_channel)
    __arm_cp.5_2                             0x000014e4   Number         4  adc.o(.text.switch_channel)
    [Anonymous Symbol]                       0x000014e8   Section        0  adc.o(.text.transmit_flame)
    __arm_cp.7_0                             0x00001624   Number         4  adc.o(.text.transmit_flame)
    __arm_cp.7_3                             0x00001628   Number         4  adc.o(.text.transmit_flame)
    [Anonymous Symbol]                       0x0000162c   Section        0  adc.o(.text.transmit_sound)
    __arm_cp.8_0                             0x0000179c   Number         4  adc.o(.text.transmit_sound)
    __arm_cp.8_1                             0x000017a0   Number         4  adc.o(.text.transmit_sound)
    __arm_cp.8_2                             0x000017a4   Number         4  adc.o(.text.transmit_sound)
    __arm_cp.8_3                             0x000017a8   Number         4  adc.o(.text.transmit_sound)
    __arm_cp.8_4                             0x000017ac   Number         4  adc.o(.text.transmit_sound)
    __arm_cp.8_5                             0x000017b0   Number         4  adc.o(.text.transmit_sound)
    __arm_cp.8_6                             0x000017b4   Number         4  adc.o(.text.transmit_sound)
    __arm_cp.8_7                             0x000017b8   Number         4  adc.o(.text.transmit_sound)
    __arm_cp.8_8                             0x000017bc   Number         4  adc.o(.text.transmit_sound)
    __arm_cp.8_9                             0x000017c0   Number         4  adc.o(.text.transmit_sound)
    i.__kernel_poly                          0x000017c4   Section        0  poly.o(i.__kernel_poly)
    i.__mathlib_dbl_divzero                  0x00001870   Section        0  dunder.o(i.__mathlib_dbl_divzero)
    i.__mathlib_dbl_infnan                   0x00001884   Section        0  dunder.o(i.__mathlib_dbl_infnan)
    i.__mathlib_dbl_invalid                  0x0000188e   Section        0  dunder.o(i.__mathlib_dbl_invalid)
    i._dgeq                                  0x0000189e   Section        0  dcmp.o(i._dgeq)
    i._dgr                                   0x000018b4   Section        0  dcmp.o(i._dgr)
    i._dls                                   0x000018ca   Section        0  dcmp.o(i._dls)
    i.log                                    0x000018e0   Section        0  log.o(i.log)
    i.log10                                  0x00001c34   Section        0  log10.o(i.log10)
    x$fpl$deqf                               0x00001d20   Section      100  deqf.o(x$fpl$deqf)
    x$fpl$dgeqf                              0x00001d84   Section      100  dgef.o(x$fpl$dgeqf)
    x$fpl$dleqf                              0x00001de8   Section      100  dlef.o(x$fpl$dleqf)
    ddiv_reciptbl                            0x00001e4c   Data         128  ddiv.o(.constdata)
    .constdata                               0x00001e4c   Section      128  ddiv.o(.constdata)
    Lg2                                      0x00001ed0   Data          24  log.o(.constdata)
    .constdata                               0x00001ed0   Section       56  log.o(.constdata)
    Lg                                       0x00001ee8   Data          32  log.o(.constdata)
    .constdata                               0x00001f08   Section        8  qnan.o(.constdata)
    .bss                                     0x1ffff008   Section       96  libspace.o(.bss)
    switch_channel_flag                      0x1ffff069   Data           1  adc.o(.bss.switch_channel_flag)
    [Anonymous Symbol]                       0x1ffff069   Section        0  adc.o(.bss.switch_channel_flag)
    Heap_Mem                                 0x1ffff070   Data           0  startup_mkl25z4.o(HEAP)
    Stack_Mem                                0x1ffff070   Data         256  startup_mkl25z4.o(STACK)
    HEAP                                     0x1ffff070   Section        0  startup_mkl25z4.o(HEAP)
    STACK                                    0x1ffff070   Section      256  startup_mkl25z4.o(STACK)
    __initial_sp                             0x1ffff170   Data           0  startup_mkl25z4.o(STACK)

    Global Symbols

    Symbol Name                              Value     Ov Type        Size  Object(Section)

    BuildAttributes$$THM_ISAv3M$S$PE$A:L22$X:L11$S22$IEEE1$IW$~IW$USESV6$~STKCKD$USESV7$~SHL$OTIME$ROPI$IEEEX$EBA8$UX$STANDARDLIB$REQ8$PRES8$EABIv2 0x00000000   Number         0  anon$$obj.o ABSOLUTE
    __Vectors                                0x00000000   Data           4  startup_mkl25z4.o(RESET)
    __ARM_exceptions_init                     - Undefined Weak Reference
    __alloca_initialize                       - Undefined Weak Reference
    __arm_preinit_                            - Undefined Weak Reference
    __arm_relocate_pie_                       - Undefined Weak Reference
    __cpp_initialize__aeabi_                  - Undefined Weak Reference
    __cxa_finalize                            - Undefined Weak Reference
    __rt_locale                               - Undefined Weak Reference
    __sigvec_lookup                           - Undefined Weak Reference
    _atexit_init                              - Undefined Weak Reference
    _call_atexit_fns                          - Undefined Weak Reference
    _clock_init                               - Undefined Weak Reference
    _fp_trap_init                             - Undefined Weak Reference
    _fp_trap_shutdown                         - Undefined Weak Reference
    _get_lc_collate                           - Undefined Weak Reference
    _get_lc_ctype                             - Undefined Weak Reference
    _get_lc_monetary                          - Undefined Weak Reference
    _get_lc_numeric                           - Undefined Weak Reference
    _get_lc_time                              - Undefined Weak Reference
    _getenv_init                              - Undefined Weak Reference
    _handle_redirection                       - Undefined Weak Reference
    _init_alloc                               - Undefined Weak Reference
    _init_user_alloc                          - Undefined Weak Reference
    _initio                                   - Undefined Weak Reference
    _rand_init                                - Undefined Weak Reference
    _signal_finish                            - Undefined Weak Reference
    _signal_init                              - Undefined Weak Reference
    _terminate_alloc                          - Undefined Weak Reference
    _terminate_user_alloc                     - Undefined Weak Reference
    _terminateio                              - Undefined Weak Reference
    __Vectors_End                            0x000000c0   Data           0  startup_mkl25z4.o(RESET)
    __Vectors_Size                           0x000000c0   Number         0  startup_mkl25z4.o ABSOLUTE
    __main                                   0x000000c1   Thumb Code     8  __main.o(!!!main)
    __scatterload                            0x000000c9   Thumb Code     0  __scatter.o(!!!scatter)
    __scatterload_rt2                        0x000000c9   Thumb Code    52  __scatter.o(!!!scatter)
    __scatterload_rt2_thumb_only             0x000000c9   Thumb Code     0  __scatter.o(!!!scatter)
    __scatterload_null                       0x000000d9   Thumb Code     0  __scatter.o(!!!scatter)
    __scatterload_copy                       0x00000105   Thumb Code    26  __scatter_copy.o(!!handler_copy)
    __scatterload_zeroinit                   0x00000121   Thumb Code    28  __scatter_zi.o(!!handler_zi)
    __rt_lib_init                            0x0000013d   Thumb Code     0  libinit.o(.ARM.Collect$$libinit$$00000000)
    __rt_lib_init_alloca_1                   0x0000013f   Thumb Code     0  libinit2.o(.ARM.Collect$$libinit$$00000030)
    __rt_lib_init_argv_1                     0x0000013f   Thumb Code     0  libinit2.o(.ARM.Collect$$libinit$$0000002E)
    __rt_lib_init_atexit_1                   0x0000013f   Thumb Code     0  libinit2.o(.ARM.Collect$$libinit$$0000001D)
    __rt_lib_init_clock_1                    0x0000013f   Thumb Code     0  libinit2.o(.ARM.Collect$$libinit$$00000023)
    __rt_lib_init_cpp_1                      0x0000013f   Thumb Code     0  libinit2.o(.ARM.Collect$$libinit$$00000034)
    __rt_lib_init_exceptions_1               0x0000013f   Thumb Code     0  libinit2.o(.ARM.Collect$$libinit$$00000032)
    __rt_lib_init_fp_1                       0x0000013f   Thumb Code     0  libinit2.o(.ARM.Collect$$libinit$$00000002)
    __rt_lib_init_fp_trap_1                  0x0000013f   Thumb Code     0  libinit2.o(.ARM.Collect$$libinit$$00000021)
    __rt_lib_init_getenv_1                   0x0000013f   Thumb Code     0  libinit2.o(.ARM.Collect$$libinit$$00000025)
    __rt_lib_init_heap_1                     0x0000013f   Thumb Code     0  libinit2.o(.ARM.Collect$$libinit$$0000000C)
    __rt_lib_init_lc_collate_1               0x0000013f   Thumb Code     0  libinit2.o(.ARM.Collect$$libinit$$00000013)
    __rt_lib_init_lc_ctype_1                 0x0000013f   Thumb Code     0  libinit2.o(.ARM.Collect$$libinit$$00000015)
    __rt_lib_init_lc_monetary_1              0x0000013f   Thumb Code     0  libinit2.o(.ARM.Collect$$libinit$$00000017)
    __rt_lib_init_lc_numeric_1               0x0000013f   Thumb Code     0  libinit2.o(.ARM.Collect$$libinit$$00000019)
    __rt_lib_init_lc_time_1                  0x0000013f   Thumb Code     0  libinit2.o(.ARM.Collect$$libinit$$0000001B)
    __rt_lib_init_preinit_1                  0x0000013f   Thumb Code     0  libinit2.o(.ARM.Collect$$libinit$$00000006)
    __rt_lib_init_rand_1                     0x0000013f   Thumb Code     0  libinit2.o(.ARM.Collect$$libinit$$00000010)
    __rt_lib_init_relocate_pie_1             0x0000013f   Thumb Code     0  libinit2.o(.ARM.Collect$$libinit$$00000004)
    __rt_lib_init_return                     0x0000013f   Thumb Code     0  libinit2.o(.ARM.Collect$$libinit$$00000035)
    __rt_lib_init_signal_1                   0x0000013f   Thumb Code     0  libinit2.o(.ARM.Collect$$libinit$$0000001F)
    __rt_lib_init_stdio_1                    0x0000013f   Thumb Code     0  libinit2.o(.ARM.Collect$$libinit$$00000027)
    __rt_lib_init_user_alloc_1               0x0000013f   Thumb Code     0  libinit2.o(.ARM.Collect$$libinit$$0000000E)
    __rt_lib_shutdown                        0x00000141   Thumb Code     0  libshutdown.o(.ARM.Collect$$libshutdown$$00000000)
    __rt_lib_shutdown_cpp_1                  0x00000143   Thumb Code     0  libshutdown2.o(.ARM.Collect$$libshutdown$$00000002)
    __rt_lib_shutdown_fp_trap_1              0x00000143   Thumb Code     0  libshutdown2.o(.ARM.Collect$$libshutdown$$00000007)
    __rt_lib_shutdown_heap_1                 0x00000143   Thumb Code     0  libshutdown2.o(.ARM.Collect$$libshutdown$$0000000F)
    __rt_lib_shutdown_return                 0x00000143   Thumb Code     0  libshutdown2.o(.ARM.Collect$$libshutdown$$00000010)
    __rt_lib_shutdown_signal_1               0x00000143   Thumb Code     0  libshutdown2.o(.ARM.Collect$$libshutdown$$0000000A)
    __rt_lib_shutdown_stdio_1                0x00000143   Thumb Code     0  libshutdown2.o(.ARM.Collect$$libshutdown$$00000004)
    __rt_lib_shutdown_user_alloc_1           0x00000143   Thumb Code     0  libshutdown2.o(.ARM.Collect$$libshutdown$$0000000C)
    __rt_entry                               0x00000145   Thumb Code     0  __rtentry.o(.ARM.Collect$$rtentry$$00000000)
    __rt_entry_presh_1                       0x00000145   Thumb Code     0  __rtentry2.o(.ARM.Collect$$rtentry$$00000002)
    __rt_entry_sh                            0x00000145   Thumb Code     0  __rtentry4.o(.ARM.Collect$$rtentry$$00000004)
    __rt_entry_li                            0x0000014b   Thumb Code     0  __rtentry2.o(.ARM.Collect$$rtentry$$0000000A)
    __rt_entry_postsh_1                      0x0000014b   Thumb Code     0  __rtentry2.o(.ARM.Collect$$rtentry$$00000009)
    __rt_entry_main                          0x0000014f   Thumb Code     0  __rtentry2.o(.ARM.Collect$$rtentry$$0000000D)
    __rt_entry_postli_1                      0x0000014f   Thumb Code     0  __rtentry2.o(.ARM.Collect$$rtentry$$0000000C)
    __rt_exit                                0x00000157   Thumb Code     0  rtexit.o(.ARM.Collect$$rtexit$$00000000)
    __rt_exit_ls                             0x00000159   Thumb Code     0  rtexit2.o(.ARM.Collect$$rtexit$$00000003)
    __rt_exit_prels_1                        0x00000159   Thumb Code     0  rtexit2.o(.ARM.Collect$$rtexit$$00000002)
    __rt_exit_exit                           0x0000015d   Thumb Code     0  rtexit2.o(.ARM.Collect$$rtexit$$00000004)
    Reset_Handler                            0x00000165   Thumb Code    12  startup_mkl25z4.o(.text)
    NMI_Handler                              0x00000171   Thumb Code     2  startup_mkl25z4.o(.text)
    HardFault_Handler                        0x00000173   Thumb Code     2  startup_mkl25z4.o(.text)
    SVC_Handler                              0x00000175   Thumb Code     2  startup_mkl25z4.o(.text)
    PendSV_Handler                           0x00000177   Thumb Code     2  startup_mkl25z4.o(.text)
    SysTick_Handler                          0x00000179   Thumb Code     2  startup_mkl25z4.o(.text)
    CMP0_IRQHandler                          0x0000017b   Thumb Code     0  startup_mkl25z4.o(.text)
    DAC0_IRQHandler                          0x0000017b   Thumb Code     0  startup_mkl25z4.o(.text)
    DMA0_IRQHandler                          0x0000017b   Thumb Code     0  startup_mkl25z4.o(.text)
    DMA1_IRQHandler                          0x0000017b   Thumb Code     0  startup_mkl25z4.o(.text)
    DMA2_IRQHandler                          0x0000017b   Thumb Code     0  startup_mkl25z4.o(.text)
    DMA3_IRQHandler                          0x0000017b   Thumb Code     0  startup_mkl25z4.o(.text)
    DefaultISR                               0x0000017b   Thumb Code     0  startup_mkl25z4.o(.text)
    FTFA_IRQHandler                          0x0000017b   Thumb Code     0  startup_mkl25z4.o(.text)
    I2C0_IRQHandler                          0x0000017b   Thumb Code     0  startup_mkl25z4.o(.text)
    I2C1_IRQHandler                          0x0000017b   Thumb Code     0  startup_mkl25z4.o(.text)
    LLWU_IRQHandler                          0x0000017b   Thumb Code     0  startup_mkl25z4.o(.text)
    LPTMR0_IRQHandler                        0x0000017b   Thumb Code     0  startup_mkl25z4.o(.text)
    LVD_LVW_IRQHandler                       0x0000017b   Thumb Code     0  startup_mkl25z4.o(.text)
    MCG_IRQHandler                           0x0000017b   Thumb Code     0  startup_mkl25z4.o(.text)
    PIT_IRQHandler                           0x0000017b   Thumb Code     0  startup_mkl25z4.o(.text)
    PORTA_IRQHandler                         0x0000017b   Thumb Code     0  startup_mkl25z4.o(.text)
    PORTD_IRQHandler                         0x0000017b   Thumb Code     0  startup_mkl25z4.o(.text)
    RTC_IRQHandler                           0x0000017b   Thumb Code     0  startup_mkl25z4.o(.text)
    RTC_Seconds_IRQHandler                   0x0000017b   Thumb Code     0  startup_mkl25z4.o(.text)
    Reserved20_IRQHandler                    0x0000017b   Thumb Code     0  startup_mkl25z4.o(.text)
    Reserved39_IRQHandler                    0x0000017b   Thumb Code     0  startup_mkl25z4.o(.text)
    Reserved45_IRQHandler                    0x0000017b   Thumb Code     0  startup_mkl25z4.o(.text)
    SPI0_IRQHandler                          0x0000017b   Thumb Code     0  startup_mkl25z4.o(.text)
    SPI1_IRQHandler                          0x0000017b   Thumb Code     0  startup_mkl25z4.o(.text)
    TPM0_IRQHandler                          0x0000017b   Thumb Code     0  startup_mkl25z4.o(.text)
    TPM1_IRQHandler                          0x0000017b   Thumb Code     0  startup_mkl25z4.o(.text)
    TPM2_IRQHandler                          0x0000017b   Thumb Code     0  startup_mkl25z4.o(.text)
    TSI0_IRQHandler                          0x0000017b   Thumb Code     0  startup_mkl25z4.o(.text)
    UART1_IRQHandler                         0x0000017b   Thumb Code     0  startup_mkl25z4.o(.text)
    UART2_IRQHandler                         0x0000017b   Thumb Code     0  startup_mkl25z4.o(.text)
    USB0_IRQHandler                          0x0000017b   Thumb Code     0  startup_mkl25z4.o(.text)
    __user_initial_stackheap                 0x00000181   Thumb Code     0  startup_mkl25z4.o(.text)
    __aeabi_uidiv                            0x000001a5   Thumb Code     0  aeabi_sdiv.o(.text)
    __aeabi_uidivmod                         0x000001a5   Thumb Code    20  aeabi_sdiv.o(.text)
    __aeabi_idiv                             0x000001b9   Thumb Code     0  aeabi_sdiv.o(.text)
    __aeabi_idivmod                          0x000001b9   Thumb Code   338  aeabi_sdiv.o(.text)
    __use_two_region_memory                  0x00000311   Thumb Code     2  heapauxi.o(.text)
    __rt_heap_escrow$2region                 0x00000313   Thumb Code     2  heapauxi.o(.text)
    __rt_heap_expand$2region                 0x00000315   Thumb Code     2  heapauxi.o(.text)
    __aeabi_d2iz                             0x00000319   Thumb Code     0  dfixi.o(.text)
    _dfix                                    0x00000319   Thumb Code    98  dfixi.o(.text)
    __aeabi_i2d_normalise                    0x00000385   Thumb Code    66  dflti.o(.text)
    __aeabi_i2d                              0x000003c7   Thumb Code    16  dflti.o(.text)
    _dflt                                    0x000003c7   Thumb Code     0  dflti.o(.text)
    __aeabi_ui2d                             0x000003d7   Thumb Code     6  dflti.o(.text)
    _dfltu                                   0x000003d7   Thumb Code     0  dflti.o(.text)
    __read_errno                             0x000003dd   Thumb Code    10  _rserrno.o(.text)
    __set_errno                              0x000003e7   Thumb Code    12  _rserrno.o(.text)
    __aeabi_errno_addr                       0x000003f5   Thumb Code     8  rt_errno_addr_intlibspace.o(.text)
    __errno$intlibspace                      0x000003f5   Thumb Code     0  rt_errno_addr_intlibspace.o(.text)
    __rt_errno_addr$intlibspace              0x000003f5   Thumb Code     0  rt_errno_addr_intlibspace.o(.text)
    __I$use$semihosting                      0x000003fd   Thumb Code     0  use_no_semi.o(.text)
    __use_no_semihosting_swi                 0x000003fd   Thumb Code     2  use_no_semi.o(.text)
    __I$use$fp                               0x000003fe   Number         0  usenofp.o(x$fpl$usenofp)
    __semihosting_library_function           0x000003ff   Thumb Code     0  indicate_semi.o(.text)
    __aeabi_ddiv                             0x00000411   Thumb Code     0  ddiv.o(.text)
    _ddiv                                    0x00000411   Thumb Code  1072  ddiv.o(.text)
    _drdiv                                   0x00000841   Thumb Code    20  ddiv.o(.text)
    __aeabi_dmul                             0x00000859   Thumb Code     0  dmul.o(.text)
    _dmul                                    0x00000859   Thumb Code   558  dmul.o(.text)
    __aeabi_dadd                             0x00000d99   Thumb Code     0  daddsub.o(.text)
    _dadd                                    0x00000d99   Thumb Code    26  daddsub.o(.text)
    __aeabi_dsub                             0x00000db3   Thumb Code     0  daddsub.o(.text)
    _dsub                                    0x00000db3   Thumb Code    22  daddsub.o(.text)
    __aeabi_drsub                            0x00000dc9   Thumb Code     0  daddsub.o(.text)
    _drsb                                    0x00000dc9   Thumb Code    28  daddsub.o(.text)
    __ARM_scalbn                             0x00000df9   Thumb Code    84  dscalbn.o(.text)
    __fpl_dcmp_InfNaN                        0x00000e59   Thumb Code   154  dcmpin.o(.text)
    __user_libspace                          0x00000ef9   Thumb Code     8  libspace.o(.text)
    __user_perproc_libspace                  0x00000ef9   Thumb Code     0  libspace.o(.text)
    __user_perthread_libspace                0x00000ef9   Thumb Code     0  libspace.o(.text)
    __user_setup_stackheap                   0x00000f01   Thumb Code    62  sys_stackheap_outer.o(.text)
    exit                                     0x00000f3f   Thumb Code    16  exit.o(.text)
    __fpl_cmpreturn                          0x00000f4f   Thumb Code    46  cmpret.o(.text)
    __fpl_dcheck_NaN2                        0x00000f7d   Thumb Code    14  dnan2.o(.text)
    __fpl_return_NaN                         0x00000f91   Thumb Code    94  retnan.o(.text)
    _sys_exit                                0x00000ff1   Thumb Code     8  sys_exit.o(.text)
    ADC0_Calibrate                           0x00000ffd   Thumb Code   268  adc.o(.text.ADC0_Calibrate)
    ADC0_IRQHandler                          0x00001145   Thumb Code    28  adc.o(.text.ADC0_IRQHandler)
    ADC0_Init                                0x00001165   Thumb Code    84  adc.o(.text.ADC0_Init)
    RGBLed_Init                              0x000011c9   Thumb Code   116  gpio.o(.text.RGBLed_Init)
    SystemInit                               0x0000125d   Thumb Code     8  system_mkl25z4.o(.text.SystemInit)
    UART0_IRQHandler                         0x00001269   Thumb Code    52  uart.o(.text.UART0_IRQHandler)
    UART0_Transmit                           0x000012a1   Thumb Code    32  uart.o(.text.UART0_Transmit)
    channel_handler                          0x00001349   Thumb Code    44  adc.o(.text.channel_handler)
    initUART0                                0x00001375   Thumb Code   180  uart.o(.text.initUART0)
    main                                     0x00001459   Thumb Code    28  main.o(.text.main)
    switch_channel                           0x00001475   Thumb Code   104  adc.o(.text.switch_channel)
    transmit_flame                           0x000014e9   Thumb Code   316  adc.o(.text.transmit_flame)
    transmit_sound                           0x0000162d   Thumb Code   368  adc.o(.text.transmit_sound)
    __kernel_poly                            0x000017c5   Thumb Code   172  poly.o(i.__kernel_poly)
    __mathlib_dbl_divzero                    0x00001871   Thumb Code    16  dunder.o(i.__mathlib_dbl_divzero)
    __mathlib_dbl_infnan                     0x00001885   Thumb Code    10  dunder.o(i.__mathlib_dbl_infnan)
    __mathlib_dbl_invalid                    0x0000188f   Thumb Code    16  dunder.o(i.__mathlib_dbl_invalid)
    __aeabi_dcmpge                           0x0000189f   Thumb Code     0  dcmp.o(i._dgeq)
    _dgeq                                    0x0000189f   Thumb Code    22  dcmp.o(i._dgeq)
    __aeabi_dcmpgt                           0x000018b5   Thumb Code     0  dcmp.o(i._dgr)
    _dgr                                     0x000018b5   Thumb Code    22  dcmp.o(i._dgr)
    __aeabi_dcmplt                           0x000018cb   Thumb Code     0  dcmp.o(i._dls)
    _dls                                     0x000018cb   Thumb Code    22  dcmp.o(i._dls)
    log                                      0x000018e1   Thumb Code   790  log.o(i.log)
    log10                                    0x00001c35   Thumb Code   200  log10.o(i.log10)
    __aeabi_cdcmpeq                          0x00001d21   Thumb Code     0  deqf.o(x$fpl$deqf)
    _dcmpeq                                  0x00001d21   Thumb Code    94  deqf.o(x$fpl$deqf)
    _dcmpge                                  0x00001d85   Thumb Code    94  dgef.o(x$fpl$dgeqf)
    __aeabi_cdcmple                          0x00001de9   Thumb Code     0  dlef.o(x$fpl$dleqf)
    _dcmple                                  0x00001de9   Thumb Code    94  dlef.o(x$fpl$dleqf)
    __mathlib_zero                           0x00001f08   Data           8  qnan.o(.constdata)
    Region$$Table$$Base                      0x00001f10   Number         0  anon$$obj.o(Region$$Table)
    Region$$Table$$Limit                     0x00001f30   Number         0  anon$$obj.o(Region$$Table)
    switch_rgb_sensor                        0x1ffff000   Data           1  adc.o(.data.switch_rgb_sensor)
    __libspace_start                         0x1ffff008   Data          96  libspace.o(.bss)
    __temporary_stack_top$libspace           0x1ffff068   Data           0  libspace.o(.bss)
    read_c                                   0x1ffff068   Data           1  uart.o(.bss.read_c)



==============================================================================

Memory Map of the image

  Image Entry point : 0x00000165

  Load Region LR_1 (Base: 0x00000000, Size: 0x00001f34, Max: 0xffffffff, ABSOLUTE)

    Execution Region ER_RO (Exec base: 0x00000000, Load base: 0x00000000, Size: 0x00001f30, Max: 0xffffffff, ABSOLUTE)

    Exec Addr    Load Addr    Size         Type   Attr      Idx    E Section Name        Object

    0x00000000   0x00000000   0x000000c0   Data   RO           69    RESET               startup_mkl25z4.o
    0x000000c0   0x000000c0   0x00000008   Code   RO           99  * !!!main             c_p.l(__main.o)
    0x000000c8   0x000000c8   0x0000003c   Code   RO          349    !!!scatter          c_p.l(__scatter.o)
    0x00000104   0x00000104   0x0000001a   Code   RO          351    !!handler_copy      c_p.l(__scatter_copy.o)
    0x0000011e   0x0000011e   0x00000002   PAD
    0x00000120   0x00000120   0x0000001c   Code   RO          353    !!handler_zi        c_p.l(__scatter_zi.o)
    0x0000013c   0x0000013c   0x00000002   Code   RO          207    .ARM.Collect$$libinit$$00000000  c_p.l(libinit.o)
    0x0000013e   0x0000013e   0x00000000   Code   RO          222    .ARM.Collect$$libinit$$00000002  c_p.l(libinit2.o)
    0x0000013e   0x0000013e   0x00000000   Code   RO          224    .ARM.Collect$$libinit$$00000004  c_p.l(libinit2.o)
    0x0000013e   0x0000013e   0x00000000   Code   RO          226    .ARM.Collect$$libinit$$00000006  c_p.l(libinit2.o)
    0x0000013e   0x0000013e   0x00000000   Code   RO          229    .ARM.Collect$$libinit$$0000000C  c_p.l(libinit2.o)
    0x0000013e   0x0000013e   0x00000000   Code   RO          231    .ARM.Collect$$libinit$$0000000E  c_p.l(libinit2.o)
    0x0000013e   0x0000013e   0x00000000   Code   RO          233    .ARM.Collect$$libinit$$00000010  c_p.l(libinit2.o)
    0x0000013e   0x0000013e   0x00000000   Code   RO          236    .ARM.Collect$$libinit$$00000013  c_p.l(libinit2.o)
    0x0000013e   0x0000013e   0x00000000   Code   RO          238    .ARM.Collect$$libinit$$00000015  c_p.l(libinit2.o)
    0x0000013e   0x0000013e   0x00000000   Code   RO          240    .ARM.Collect$$libinit$$00000017  c_p.l(libinit2.o)
    0x0000013e   0x0000013e   0x00000000   Code   RO          242    .ARM.Collect$$libinit$$00000019  c_p.l(libinit2.o)
    0x0000013e   0x0000013e   0x00000000   Code   RO          244    .ARM.Collect$$libinit$$0000001B  c_p.l(libinit2.o)
    0x0000013e   0x0000013e   0x00000000   Code   RO          246    .ARM.Collect$$libinit$$0000001D  c_p.l(libinit2.o)
    0x0000013e   0x0000013e   0x00000000   Code   RO          248    .ARM.Collect$$libinit$$0000001F  c_p.l(libinit2.o)
    0x0000013e   0x0000013e   0x00000000   Code   RO          250    .ARM.Collect$$libinit$$00000021  c_p.l(libinit2.o)
    0x0000013e   0x0000013e   0x00000000   Code   RO          252    .ARM.Collect$$libinit$$00000023  c_p.l(libinit2.o)
    0x0000013e   0x0000013e   0x00000000   Code   RO          254    .ARM.Collect$$libinit$$00000025  c_p.l(libinit2.o)
    0x0000013e   0x0000013e   0x00000000   Code   RO          256    .ARM.Collect$$libinit$$00000027  c_p.l(libinit2.o)
    0x0000013e   0x0000013e   0x00000000   Code   RO          260    .ARM.Collect$$libinit$$0000002E  c_p.l(libinit2.o)
    0x0000013e   0x0000013e   0x00000000   Code   RO          262    .ARM.Collect$$libinit$$00000030  c_p.l(libinit2.o)
    0x0000013e   0x0000013e   0x00000000   Code   RO          264    .ARM.Collect$$libinit$$00000032  c_p.l(libinit2.o)
    0x0000013e   0x0000013e   0x00000000   Code   RO          266    .ARM.Collect$$libinit$$00000034  c_p.l(libinit2.o)
    0x0000013e   0x0000013e   0x00000002   Code   RO          267    .ARM.Collect$$libinit$$00000035  c_p.l(libinit2.o)
    0x00000140   0x00000140   0x00000002   Code   RO          304    .ARM.Collect$$libshutdown$$00000000  c_p.l(libshutdown.o)
    0x00000142   0x00000142   0x00000000   Code   RO          332    .ARM.Collect$$libshutdown$$00000002  c_p.l(libshutdown2.o)
    0x00000142   0x00000142   0x00000000   Code   RO          334    .ARM.Collect$$libshutdown$$00000004  c_p.l(libshutdown2.o)
    0x00000142   0x00000142   0x00000000   Code   RO          337    .ARM.Collect$$libshutdown$$00000007  c_p.l(libshutdown2.o)
    0x00000142   0x00000142   0x00000000   Code   RO          340    .ARM.Collect$$libshutdown$$0000000A  c_p.l(libshutdown2.o)
    0x00000142   0x00000142   0x00000000   Code   RO          342    .ARM.Collect$$libshutdown$$0000000C  c_p.l(libshutdown2.o)
    0x00000142   0x00000142   0x00000000   Code   RO          345    .ARM.Collect$$libshutdown$$0000000F  c_p.l(libshutdown2.o)
    0x00000142   0x00000142   0x00000002   Code   RO          346    .ARM.Collect$$libshutdown$$00000010  c_p.l(libshutdown2.o)
    0x00000144   0x00000144   0x00000000   Code   RO          126    .ARM.Collect$$rtentry$$00000000  c_p.l(__rtentry.o)
    0x00000144   0x00000144   0x00000000   Code   RO          164    .ARM.Collect$$rtentry$$00000002  c_p.l(__rtentry2.o)
    0x00000144   0x00000144   0x00000006   Code   RO          176    .ARM.Collect$$rtentry$$00000004  c_p.l(__rtentry4.o)
    0x0000014a   0x0000014a   0x00000000   Code   RO          166    .ARM.Collect$$rtentry$$00000009  c_p.l(__rtentry2.o)
    0x0000014a   0x0000014a   0x00000004   Code   RO          167    .ARM.Collect$$rtentry$$0000000A  c_p.l(__rtentry2.o)
    0x0000014e   0x0000014e   0x00000000   Code   RO          169    .ARM.Collect$$rtentry$$0000000C  c_p.l(__rtentry2.o)
    0x0000014e   0x0000014e   0x00000008   Code   RO          170    .ARM.Collect$$rtentry$$0000000D  c_p.l(__rtentry2.o)
    0x00000156   0x00000156   0x00000002   Code   RO          213    .ARM.Collect$$rtexit$$00000000  c_p.l(rtexit.o)
    0x00000158   0x00000158   0x00000000   Code   RO          275    .ARM.Collect$$rtexit$$00000002  c_p.l(rtexit2.o)
    0x00000158   0x00000158   0x00000004   Code   RO          276    .ARM.Collect$$rtexit$$00000003  c_p.l(rtexit2.o)
    0x0000015c   0x0000015c   0x00000006   Code   RO          277    .ARM.Collect$$rtexit$$00000004  c_p.l(rtexit2.o)
    0x00000162   0x00000162   0x00000002   PAD
    0x00000164   0x00000164   0x00000040   Code   RO           71  * .text               startup_mkl25z4.o
    0x000001a4   0x000001a4   0x0000016c   Code   RO           93    .text               c_p.l(aeabi_sdiv.o)
    0x00000310   0x00000310   0x00000006   Code   RO           97    .text               c_p.l(heapauxi.o)
    0x00000316   0x00000316   0x00000002   PAD
    0x00000318   0x00000318   0x0000006c   Code   RO          116    .text               fz_ps.l(dfixi.o)
    0x00000384   0x00000384   0x00000058   Code   RO          118    .text               fz_ps.l(dflti.o)
    0x000003dc   0x000003dc   0x00000016   Code   RO          131    .text               c_p.l(_rserrno.o)
    0x000003f2   0x000003f2   0x00000002   PAD
    0x000003f4   0x000003f4   0x00000008   Code   RO          183    .text               c_p.l(rt_errno_addr_intlibspace.o)
    0x000003fc   0x000003fc   0x00000002   Code   RO          293    .text               c_p.l(use_no_semi.o)
    0x000003fe   0x000003fe   0x00000000   Code   RO          295    .text               c_p.l(indicate_semi.o)
    0x000003fe   0x000003fe   0x00000000   Code   RO          143    x$fpl$usenofp       fz_ps.l(usenofp.o)
    0x000003fe   0x000003fe   0x00000002   PAD
    0x00000400   0x00000400   0x00000010   Code   RO           70    .ARM.__at_0x400     startup_mkl25z4.o
    0x00000410   0x00000410   0x00000448   Code   RO          113    .text               fz_ps.l(ddiv.o)
    0x00000858   0x00000858   0x00000248   Code   RO          120    .text               fz_ps.l(dmul.o)
    0x00000aa0   0x00000aa0   0x00000358   Code   RO          133    .text               fz_ps.l(daddsub.o)
    0x00000df8   0x00000df8   0x00000060   Code   RO          141    .text               fz_ps.l(dscalbn.o)
    0x00000e58   0x00000e58   0x000000a0   Code   RO          185    .text               fz_ps.l(dcmpin.o)
    0x00000ef8   0x00000ef8   0x00000008   Code   RO          190    .text               c_p.l(libspace.o)
    0x00000f00   0x00000f00   0x0000003e   Code   RO          193    .text               c_p.l(sys_stackheap_outer.o)
    0x00000f3e   0x00000f3e   0x00000010   Code   RO          196    .text               c_p.l(exit.o)
    0x00000f4e   0x00000f4e   0x0000002e   Code   RO          208    .text               fz_ps.l(cmpret.o)
    0x00000f7c   0x00000f7c   0x00000014   Code   RO          210    .text               fz_ps.l(dnan2.o)
    0x00000f90   0x00000f90   0x0000005e   Code   RO          268    .text               fz_ps.l(retnan.o)
    0x00000fee   0x00000fee   0x00000002   PAD
    0x00000ff0   0x00000ff0   0x0000000c   Code   RO          270    .text               c_p.l(sys_exit.o)
    0x00000ffc   0x00000ffc   0x00000148   Code   RO            4    .text.ADC0_Calibrate  adc.o
    0x00001144   0x00001144   0x00000020   Code   RO           20    .text.ADC0_IRQHandler  adc.o
    0x00001164   0x00001164   0x00000064   Code   RO            2    .text.ADC0_Init     adc.o
    0x000011c8   0x000011c8   0x00000094   Code   RO           60    .text.RGBLed_Init   gpio.o
    0x0000125c   0x0000125c   0x0000000c   Code   RO           80    .text.SystemInit    system_mkl25z4.o
    0x00001268   0x00001268   0x00000038   Code   RO           41    .text.UART0_IRQHandler  uart.o
    0x000012a0   0x000012a0   0x00000028   Code   RO           33    .text.UART0_Transmit  uart.o
    0x000012c8   0x000012c8   0x0000002c   Code   RO            6    .text.__NVIC_ClearPendingIRQ  adc.o
    0x000012f4   0x000012f4   0x00000028   Code   RO            8    .text.__NVIC_EnableIRQ  adc.o
    0x0000131c   0x0000131c   0x0000002c   Code   RO           39    .text.__NVIC_EnableIRQ  uart.o
    0x00001348   0x00001348   0x0000002c   Code   RO           14    .text.channel_handler  adc.o
    0x00001374   0x00001374   0x000000e4   Code   RO           37    .text.initUART0     uart.o
    0x00001458   0x00001458   0x0000001c   Code   RO           51    .text.main          main.o
    0x00001474   0x00001474   0x00000074   Code   RO           12    .text.switch_channel  adc.o
    0x000014e8   0x000014e8   0x00000144   Code   RO           16    .text.transmit_flame  adc.o
    0x0000162c   0x0000162c   0x00000198   Code   RO           18    .text.transmit_sound  adc.o
    0x000017c4   0x000017c4   0x000000ac   Code   RO          187    i.__kernel_poly     m_ps.l(poly.o)
    0x00001870   0x00001870   0x00000014   Code   RO          144    i.__mathlib_dbl_divzero  m_ps.l(dunder.o)
    0x00001884   0x00001884   0x0000000a   Code   RO          145    i.__mathlib_dbl_infnan  m_ps.l(dunder.o)
    0x0000188e   0x0000188e   0x00000010   Code   RO          147    i.__mathlib_dbl_invalid  m_ps.l(dunder.o)
    0x0000189e   0x0000189e   0x00000016   Code   RO          102    i._dgeq             fz_ps.l(dcmp.o)
    0x000018b4   0x000018b4   0x00000016   Code   RO          103    i._dgr              fz_ps.l(dcmp.o)
    0x000018ca   0x000018ca   0x00000016   Code   RO          105    i._dls              fz_ps.l(dcmp.o)
    0x000018e0   0x000018e0   0x00000354   Code   RO          159    i.log               m_ps.l(log.o)
    0x00001c34   0x00001c34   0x000000ec   Code   RO          123    i.log10             m_ps.l(log10.o)
    0x00001d20   0x00001d20   0x00000064   Code   RO          135    x$fpl$deqf          fz_ps.l(deqf.o)
    0x00001d84   0x00001d84   0x00000064   Code   RO          137    x$fpl$dgeqf         fz_ps.l(dgef.o)
    0x00001de8   0x00001de8   0x00000064   Code   RO          139    x$fpl$dleqf         fz_ps.l(dlef.o)
    0x00001e4c   0x00001e4c   0x00000080   Data   RO          114    .constdata          fz_ps.l(ddiv.o)
    0x00001ecc   0x00001ecc   0x00000004   PAD
    0x00001ed0   0x00001ed0   0x00000038   Data   RO          160    .constdata          m_ps.l(log.o)
    0x00001f08   0x00001f08   0x00000008   Data   RO          189    .constdata          m_ps.l(qnan.o)
    0x00001f10   0x00001f10   0x00000020   Data   RO          348    Region$$Table       anon$$obj.o


    Execution Region ER_RW (Exec base: 0x1ffff000, Load base: 0x00001f30, Size: 0x00000004, Max: 0xffffffff, ABSOLUTE)

    Exec Addr    Load Addr    Size         Type   Attr      Idx    E Section Name        Object

    0x1ffff000   0x00001f30   0x00000001   Data   RW           22    .data.switch_rgb_sensor  adc.o


    Execution Region ER_ZI (Exec base: 0x1ffff008, Load base: 0x00001f34, Size: 0x00000168, Max: 0xffffffff, ABSOLUTE)

    Exec Addr    Load Addr    Size         Type   Attr      Idx    E Section Name        Object

    0x1ffff008        -       0x00000060   Zero   RW          191    .bss                c_p.l(libspace.o)
    0x1ffff068        -       0x00000001   Zero   RW           43    .bss.read_c         uart.o
    0x1ffff069        -       0x00000001   Zero   RW           23    .bss.switch_channel_flag  adc.o
    0x1ffff06a   0x00001f34   0x00000006   PAD
    0x1ffff070        -       0x00000000   Zero   RW           68    HEAP                startup_mkl25z4.o
    0x1ffff070        -       0x00000100   Zero   RW           67    STACK               startup_mkl25z4.o


==============================================================================

Image component sizes


      Code (inc. data)   RO Data    RW Data    ZI Data      Debug   Object Name

      1436        144          0          1          1       5788   adc.o
       148         32          0          0          0       1762   gpio.o
        28          0          0          0          0        370   main.o
        80         44        192          0        256        912   startup_mkl25z4.o
        12          4          0          0          0       2591   system_mkl25z4.o
       368         64          0          0          1       3872   uart.o

    ----------------------------------------------------------------------
      2072        288        224          4        264      15295   Object Totals
         0          0         32          0          0          0   (incl. Generated)
         0          0          0          3          6          0   (incl. Padding)

    ----------------------------------------------------------------------

      Code (inc. data)   RO Data    RW Data    ZI Data      Debug   Library Member Name

         8          0          0          0          0         68   __main.o
         0          0          0          0          0          0   __rtentry.o
        12          0          0          0          0          0   __rtentry2.o
         6          0          0          0          0          0   __rtentry4.o
        60          8          0          0          0          0   __scatter.o
        26          0          0          0          0          0   __scatter_copy.o
        28          0          0          0          0          0   __scatter_zi.o
        22          0          0          0          0         92   _rserrno.o
       364          4          0          0          0         92   aeabi_sdiv.o
        16          0          0          0          0         68   exit.o
         6          0          0          0          0        136   heapauxi.o
         0          0          0          0          0          0   indicate_semi.o
         2          0          0          0          0          0   libinit.o
         2          0          0          0          0          0   libinit2.o
         2          0          0          0          0          0   libshutdown.o
         2          0          0          0          0          0   libshutdown2.o
         8          4          0          0         96         68   libspace.o
         8          4          0          0          0         68   rt_errno_addr_intlibspace.o
         2          0          0          0          0          0   rtexit.o
        10          0          0          0          0          0   rtexit2.o
        12          4          0          0          0         60   sys_exit.o
        62          0          0          0          0         80   sys_stackheap_outer.o
         2          0          0          0          0         68   use_no_semi.o
        46          0          0          0          0         60   cmpret.o
       856         20          0          0          0        208   daddsub.o
        66          0          0          0          0        204   dcmp.o
       160          6          0          0          0         76   dcmpin.o
      1096         26        128          0          0        112   ddiv.o
       100          4          0          0          0         92   deqf.o
       108         10          0          0          0         72   dfixi.o
        88          0          0          0          0         92   dflti.o
       100          4          0          0          0         92   dgef.o
       100          4          0          0          0         92   dlef.o
       584         26          0          0          0         84   dmul.o
        20          6          0          0          0         68   dnan2.o
        96         12          0          0          0         72   dscalbn.o
        94          0          0          0          0         68   retnan.o
         0          0          0          0          0          0   usenofp.o
        46          4          0          0          0        204   dunder.o
       852         62         56          0          0        136   log.o
       236         36          0          0          0         76   log10.o
       172          0          0          0          0         76   poly.o
         0          0          8          0          0          0   qnan.o

    ----------------------------------------------------------------------
      5492        244        196          0         96       2684   Library Totals
        12          0          4          0          0          0   (incl. Padding)

    ----------------------------------------------------------------------

      Code (inc. data)   RO Data    RW Data    ZI Data      Debug   Library Name

       660         24          0          0         96        800   c_p.l
      3514        118        128          0          0       1392   fz_ps.l
      1306        102         64          0          0        492   m_ps.l

    ----------------------------------------------------------------------
      5492        244        196          0         96       2684   Library Totals

    ----------------------------------------------------------------------

==============================================================================


      Code (inc. data)   RO Data    RW Data    ZI Data      Debug   

      7564        532        420          4        360      16667   Grand Totals
      7564        532        420          4        360      16667   ELF Image Totals
      7564        532        420          4          0          0   ROM Totals

==============================================================================

    Total RO  Size (Code + RO Data)                 7984 (   7.80kB)
    Total RW  Size (RW Data + ZI Data)               364 (   0.36kB)
    Total ROM Size (Code + RO Data + RW Data)       7988 (   7.80kB)

==============================================================================

